Linux 6.17.1-300.fc43.aarch64 (t2-vm2) 	08/05/2026 	_aarch64_	(4 CPU)

02:55:47 AM  CPU    %usr   %nice    %sys %iowait    %irq   %soft  %steal  %guest  %gnice   %idle
02:55:48 AM  all    0.00    0.00    0.00    0.00    0.00    0.00    0.00    0.00    0.00  100.00
02:55:48 AM    0    0.00    0.00    0.00    0.00    0.00    0.00    0.00    0.00    0.00  100.00
02:55:48 AM    1    0.00    0.00    0.00    0.00    0.00    0.00    0.00    0.00    0.00  100.00
02:55:48 AM    2    0.00    0.00    0.00    0.00    0.00    0.00    0.00    0.00    0.00  100.00
02:55:48 AM    3    0.00    0.00    0.00    0.00    0.00    0.00    0.00    0.00    0.00  100.00

02:55:48 AM  CPU    %usr   %nice    %sys %iowait    %irq   %soft  %steal  %guest  %gnice   %idle
02:55:49 AM  all    0.00    0.00    0.00    0.00    0.00    0.00    0.00    0.00    0.00  100.00
02:55:49 AM    0    0.00    0.00    0.00    0.00    0.00    0.00    0.00    0.00    0.00  100.00
02:55:49 AM    1    0.00    0.00    0.00    0.00    0.00    0.00    0.00    0.00    0.00  100.00
02:55:49 AM    2    0.00    0.00    0.00    0.00    0.00    0.00    0.00    0.00    0.00  100.00
02:55:49 AM    3    0.00    0.00    0.00    0.00    0.00    0.00    0.00    0.00    0.00  100.00

02:55:49 AM  CPU    %usr   %nice    %sys %iowait    %irq   %soft  %steal  %guest  %gnice   %idle
02:55:50 AM  all    0.00    0.00   30.10    0.00    1.02   19.39    0.00    0.00    0.00   49.49
02:55:50 AM    0    0.00    0.00   33.67    0.00    1.02   20.41    0.00    0.00    0.00   44.90
02:55:50 AM    1    0.00    0.00   27.55    0.00    1.02   19.39    0.00    0.00    0.00   52.04
02:55:50 AM    2    0.00    0.00   28.57    0.00    1.02   18.37    0.00    0.00    0.00   52.04
02:55:50 AM    3    0.00    0.00   30.61    0.00    1.02   19.39    0.00    0.00    0.00   48.98

02:55:50 AM  CPU    %usr   %nice    %sys %iowait    %irq   %soft  %steal  %guest  %gnice   %idle
02:55:51 AM  all    0.81    0.00   15.95    0.00    2.16   28.92    0.00    0.00    0.00   52.16
02:55:51 AM    0    1.08    0.00   13.98    0.00    2.15   24.73    0.00    0.00    0.00   58.06
02:55:51 AM    1    1.05    0.00   14.74    0.00    2.11   24.21    0.00    0.00    0.00   57.89
02:55:51 AM    2    0.00    0.00   20.00    0.00    2.22   34.44    0.00    0.00    0.00   43.33
02:55:51 AM    3    1.09    0.00   15.22    0.00    2.17   32.61    0.00    0.00    0.00   48.91

02:55:51 AM  CPU    %usr   %nice    %sys %iowait    %irq   %soft  %steal  %guest  %gnice   %idle
02:55:52 AM  all    0.00    0.00   17.07    0.00    2.17   29.81    0.00    0.00    0.00   50.95
02:55:52 AM    0    0.00    0.00   16.48    0.00    2.20   36.26    0.00    0.00    0.00   45.05
02:55:52 AM    1    0.00    0.00   14.74    0.00    2.11   22.11    0.00    0.00    0.00   61.05
02:55:52 AM    2    0.00    0.00   17.20    0.00    2.15   24.73    0.00    0.00    0.00   55.91
02:55:52 AM    3    0.00    0.00   20.00    0.00    2.22   36.67    0.00    0.00    0.00   41.11

02:55:52 AM  CPU    %usr   %nice    %sys %iowait    %irq   %soft  %steal  %guest  %gnice   %idle
02:55:53 AM  all    0.00    0.00   18.85    0.00    2.19   31.42    0.00    0.00    0.00   47.54
02:55:53 AM    0    0.00    0.00   16.30    0.00    2.17   31.52    0.00    0.00    0.00   50.00
02:55:53 AM    1    0.00    0.00   14.13    0.00    2.17   22.83    0.00    0.00    0.00   60.87
02:55:53 AM    2    0.00    0.00   18.89    0.00    2.22   35.56    0.00    0.00    0.00   43.33
02:55:53 AM    3    0.00    0.00   26.09    0.00    2.17   35.87    0.00    0.00    0.00   35.87

02:55:53 AM  CPU    %usr   %nice    %sys %iowait    %irq   %soft  %steal  %guest  %gnice   %idle
02:55:54 AM  all    0.27    0.00   18.53    0.00    2.18   29.70    0.00    0.00    0.00   49.32
02:55:54 AM    0    0.00    0.00   21.11    0.00    2.22   35.56    0.00    0.00    0.00   41.11
02:55:54 AM    1    1.09    0.00   10.87    0.00    1.09   22.83    0.00    0.00    0.00   64.13
02:55:54 AM    2    0.00    0.00   19.15    0.00    2.13   27.66    0.00    0.00    0.00   51.06
02:55:54 AM    3    0.00    0.00   23.08    0.00    3.30   32.97    0.00    0.00    0.00   40.66

02:55:54 AM  CPU    %usr   %nice    %sys %iowait    %irq   %soft  %steal  %guest  %gnice   %idle
02:55:55 AM  all    0.81    0.00   19.19    0.00    2.16   30.00    0.00    0.00    0.00   47.84
02:55:55 AM    0    1.11    0.00   25.56    0.00    2.22   35.56    0.00    0.00    0.00   35.56
02:55:55 AM    1    0.00    0.00   19.57    0.00    2.17   30.43    0.00    0.00    0.00   47.83
02:55:55 AM    2    1.03    0.00   12.37    0.00    2.06   18.56    0.00    0.00    0.00   65.98
02:55:55 AM    3    1.10    0.00   19.78    0.00    2.20   36.26    0.00    0.00    0.00   40.66

02:55:55 AM  CPU    %usr   %nice    %sys %iowait    %irq   %soft  %steal  %guest  %gnice   %idle
02:55:56 AM  all    0.00    0.00   17.73    0.00    2.22   29.36    0.00    0.00    0.00   50.69
02:55:56 AM    0    0.00    0.00   14.29    0.00    2.20   28.57    0.00    0.00    0.00   54.95
02:55:56 AM    1    0.00    0.00   25.84    0.00    3.37   37.08    0.00    0.00    0.00   33.71
02:55:56 AM    2    0.00    0.00   11.96    0.00    2.17   22.83    0.00    0.00    0.00   63.04
02:55:56 AM    3    0.00    0.00   19.10    0.00    1.12   29.21    0.00    0.00    0.00   50.56

02:55:56 AM  CPU    %usr   %nice    %sys %iowait    %irq   %soft  %steal  %guest  %gnice   %idle
02:55:57 AM  all    0.54    0.00   18.70    0.00    1.90   26.83    0.00    0.00    0.00   52.03
02:55:57 AM    0    0.00    0.00   11.58    0.00    2.11   18.95    0.00    0.00    0.00   67.37
02:55:57 AM    1    1.08    0.00   21.51    0.00    1.08   27.96    0.00    0.00    0.00   48.39
02:55:57 AM    2    0.00    0.00   28.09    0.00    2.25   34.83    0.00    0.00    0.00   34.83
02:55:57 AM    3    1.09    0.00   14.13    0.00    2.17   26.09    0.00    0.00    0.00   56.52

02:55:57 AM  CPU    %usr   %nice    %sys %iowait    %irq   %soft  %steal  %guest  %gnice   %idle
02:55:58 AM  all    0.27    0.00   21.70    0.00    2.20   31.87    0.00    0.00    0.00   43.96
02:55:58 AM    0    0.00    0.00   27.47    0.00    2.20   35.16    0.00    0.00    0.00   35.16
02:55:58 AM    1    0.00    0.00   16.48    0.00    2.20   29.67    0.00    0.00    0.00   51.65
02:55:58 AM    2    1.10    0.00   18.68    0.00    2.20   34.07    0.00    0.00    0.00   43.96
02:55:58 AM    3    0.00    0.00   24.18    0.00    2.20   28.57    0.00    0.00    0.00   45.05

02:55:58 AM  CPU    %usr   %nice    %sys %iowait    %irq   %soft  %steal  %guest  %gnice   %idle
02:55:59 AM  all    0.81    0.00   20.87    0.00    2.17   31.71    0.00    0.00    0.00   44.44
02:55:59 AM    0    1.10    0.00   24.18    0.00    2.20   32.97    0.00    0.00    0.00   39.56
02:55:59 AM    1    1.10    0.00   19.78    0.00    2.20   36.26    0.00    0.00    0.00   40.66
02:55:59 AM    2    0.00    0.00   17.39    0.00    2.17   28.26    0.00    0.00    0.00   52.17
02:55:59 AM    3    1.05    0.00   22.11    0.00    2.11   29.47    0.00    0.00    0.00   45.26

02:55:59 AM  CPU    %usr   %nice    %sys %iowait    %irq   %soft  %steal  %guest  %gnice   %idle
02:56:00 AM  all    0.00    0.00   20.00    0.00    1.92   29.59    0.00    0.00    0.00   48.49
02:56:00 AM    0    0.00    0.00   21.98    0.00    2.20   36.26    0.00    0.00    0.00   39.56
02:56:00 AM    1    0.00    0.00   13.19    0.00    2.20   24.18    0.00    0.00    0.00   60.44
02:56:00 AM    2    0.00    0.00   30.00    0.00    2.22   35.56    0.00    0.00    0.00   32.22
02:56:00 AM    3    0.00    0.00   15.05    0.00    1.08   22.58    0.00    0.00    0.00   61.29

02:56:00 AM  CPU    %usr   %nice    %sys %iowait    %irq   %soft  %steal  %guest  %gnice   %idle
02:56:01 AM  all    0.27    0.00   19.13    0.00    2.19   30.05    0.00    0.00    0.00   48.36
02:56:01 AM    0    0.00    0.00   21.98    0.00    2.20   36.26    0.00    0.00    0.00   39.56
02:56:01 AM    1    0.00    0.00   12.90    0.00    2.15   22.58    0.00    0.00    0.00   62.37
02:56:01 AM    2    1.11    0.00   23.33    0.00    2.22   35.56    0.00    0.00    0.00   37.78
02:56:01 AM    3    0.00    0.00   18.48    0.00    2.17   26.09    0.00    0.00    0.00   53.26

02:56:01 AM  CPU    %usr   %nice    %sys %iowait    %irq   %soft  %steal  %guest  %gnice   %idle
02:56:02 AM  all    0.00    0.00   18.46    0.00    2.20   31.96    0.00    0.00    0.00   47.38
02:56:02 AM    0    0.00    0.00   16.48    0.00    2.20   32.97    0.00    0.00    0.00   48.35
02:56:02 AM    1    0.00    0.00   21.11    0.00    2.22   36.67    0.00    0.00    0.00   40.00
02:56:02 AM    2    0.00    0.00   16.30    0.00    2.17   25.00    0.00    0.00    0.00   56.52
02:56:02 AM    3    0.00    0.00   20.00    0.00    2.22   33.33    0.00    0.00    0.00   44.44

02:56:02 AM  CPU    %usr   %nice    %sys %iowait    %irq   %soft  %steal  %guest  %gnice   %idle
02:56:03 AM  all    0.83    0.00   17.50    0.00    2.22   33.61    0.00    0.00    0.00   45.83
02:56:03 AM    0    1.08    0.00   12.90    0.00    2.15   23.66    0.00    0.00    0.00   60.22
02:56:03 AM    1    1.14    0.00   20.45    0.00    2.27   38.64    0.00    0.00    0.00   37.50
02:56:03 AM    2    0.00    0.00   17.24    0.00    2.30   37.93    0.00    0.00    0.00   42.53
02:56:03 AM    3    1.09    0.00   19.57    0.00    2.17   34.78    0.00    0.00    0.00   42.39

02:56:03 AM  CPU    %usr   %nice    %sys %iowait    %irq   %soft  %steal  %guest  %gnice   %idle
02:56:04 AM  all    0.00    0.00   17.53    0.00    2.19   28.22    0.00    0.00    0.00   52.05
02:56:04 AM    0    0.00    0.00   15.22    0.00    2.17   26.09    0.00    0.00    0.00   56.52
02:56:04 AM    1    0.00    0.00   14.13    0.00    2.17   26.09    0.00    0.00    0.00   57.61
02:56:04 AM    2    0.00    0.00   17.20    0.00    2.15   26.88    0.00    0.00    0.00   53.76
02:56:04 AM    3    0.00    0.00   23.86    0.00    2.27   34.09    0.00    0.00    0.00   39.77

02:56:04 AM  CPU    %usr   %nice    %sys %iowait    %irq   %soft  %steal  %guest  %gnice   %idle
02:56:05 AM  all    0.27    0.00   19.19    0.00    2.16   30.27    0.00    0.00    0.00   48.11
02:56:05 AM    0    0.00    0.00   20.43    0.00    2.15   34.41    0.00    0.00    0.00   43.01
02:56:05 AM    1    0.00    0.00   11.83    0.00    2.15   23.66    0.00    0.00    0.00   62.37
02:56:05 AM    2    1.09    0.00   22.83    0.00    2.17   32.61    0.00    0.00    0.00   41.30
02:56:05 AM    3    0.00    0.00   21.74    0.00    2.17   30.43    0.00    0.00    0.00   45.65

02:56:05 AM  CPU    %usr   %nice    %sys %iowait    %irq   %soft  %steal  %guest  %gnice   %idle
02:56:06 AM  all    0.54    0.00   19.78    0.00    2.17   31.98    0.00    0.00    0.00   45.53
02:56:06 AM    0    1.08    0.00   19.35    0.00    2.15   36.56    0.00    0.00    0.00   40.86
02:56:06 AM    1    1.04    0.00   12.50    0.00    2.08   23.96    0.00    0.00    0.00   60.42
02:56:06 AM    2    0.00    0.00   24.18    0.00    2.20   36.26    0.00    0.00    0.00   37.36
02:56:06 AM    3    0.00    0.00   23.60    0.00    2.25   31.46    0.00    0.00    0.00   42.70

02:56:06 AM  CPU    %usr   %nice    %sys %iowait    %irq   %soft  %steal  %guest  %gnice   %idle
02:56:07 AM  all    0.28    0.00   17.13    0.00    2.21   30.39    0.00    0.00    0.00   50.00
02:56:07 AM    0    0.00    0.00   15.73    0.00    2.25   34.83    0.00    0.00    0.00   47.19
02:56:07 AM    1    0.00    0.00   24.14    0.00    2.30   36.78    0.00    0.00    0.00   36.78
02:56:07 AM    2    0.00    0.00   13.19    0.00    2.20   25.27    0.00    0.00    0.00   59.34
02:56:07 AM    3    1.05    0.00   15.79    0.00    2.11   25.26    0.00    0.00    0.00   55.79

02:56:07 AM  CPU    %usr   %nice    %sys %iowait    %irq   %soft  %steal  %guest  %gnice   %idle
02:56:08 AM  all    0.54    0.00   15.99    0.54    2.17   28.18    0.00    0.00    0.00   52.57
02:56:08 AM    0    1.09    0.00   13.04    0.00    2.17   26.09    0.00    0.00    0.00   57.61
02:56:08 AM    1    0.00    0.00   18.89    1.11    2.22   35.56    0.00    0.00    0.00   42.22
02:56:08 AM    2    1.08    0.00   15.05    1.08    2.15   29.03    0.00    0.00    0.00   51.61
02:56:08 AM    3    0.00    0.00   17.02    0.00    2.13   22.34    0.00    0.00    0.00   58.51

02:56:08 AM  CPU    %usr   %nice    %sys %iowait    %irq   %soft  %steal  %guest  %gnice   %idle
02:56:09 AM  all    0.00    0.00   21.58    0.00    1.91   32.24    0.00    0.00    0.00   44.26
02:56:09 AM    0    0.00    0.00   20.65    0.00    2.17   34.78    0.00    0.00    0.00   42.39
02:56:09 AM    1    0.00    0.00   22.11    0.00    2.11   28.42    0.00    0.00    0.00   47.37
02:56:09 AM    2    0.00    0.00   20.00    0.00    2.22   35.56    0.00    0.00    0.00   42.22
02:56:09 AM    3    0.00    0.00   23.60    0.00    1.12   30.34    0.00    0.00    0.00   44.94

02:56:09 AM  CPU    %usr   %nice    %sys %iowait    %irq   %soft  %steal  %guest  %gnice   %idle
02:56:10 AM  all    0.28    0.00   21.21    0.00    2.20   33.61    0.00    0.00    0.00   42.70
02:56:10 AM    0    0.00    0.00   17.02    0.00    2.13   29.79    0.00    0.00    0.00   51.06
02:56:10 AM    1    0.00    0.00   32.58    0.00    2.25   35.96    0.00    0.00    0.00   29.21
02:56:10 AM    2    0.00    0.00   17.98    0.00    2.25   37.08    0.00    0.00    0.00   42.70
02:56:10 AM    3    1.10    0.00   17.58    0.00    2.20   31.87    0.00    0.00    0.00   47.25

02:56:10 AM  CPU    %usr   %nice    %sys %iowait    %irq   %soft  %steal  %guest  %gnice   %idle
02:56:11 AM  all    0.28    0.00   19.72    0.00    2.22   34.17    0.00    0.00    0.00   43.61
02:56:11 AM    0    0.00    0.00   20.00    0.00    2.22   38.89    0.00    0.00    0.00   38.89
02:56:11 AM    1    1.10    0.00   19.78    0.00    2.20   34.07    0.00    0.00    0.00   42.86
02:56:11 AM    2    0.00    0.00   22.99    0.00    2.30   39.08    0.00    0.00    0.00   35.63
02:56:11 AM    3    0.00    0.00   16.30    0.00    2.17   25.00    0.00    0.00    0.00   56.52

02:56:11 AM  CPU    %usr   %nice    %sys %iowait    %irq   %soft  %steal  %guest  %gnice   %idle
02:56:12 AM  all    0.27    0.00   20.22    0.00    2.46   33.88    0.00    0.00    0.00   43.17
02:56:12 AM    0    0.00    0.00   23.08    0.00    2.20   35.16    0.00    0.00    0.00   39.56
02:56:12 AM    1    0.00    0.00   17.58    0.00    2.20   32.97    0.00    0.00    0.00   47.25
02:56:12 AM    2    1.10    0.00   20.88    0.00    3.30   36.26    0.00    0.00    0.00   38.46
02:56:12 AM    3    0.00    0.00   19.35    0.00    2.15   31.18    0.00    0.00    0.00   47.31

02:56:12 AM  CPU    %usr   %nice    %sys %iowait    %irq   %soft  %steal  %guest  %gnice   %idle
02:56:13 AM  all    0.27    0.00   19.07    0.00    2.18   31.88    0.00    0.00    0.00   46.59
02:56:13 AM    0    1.08    0.00   22.58    0.00    2.15   36.56    0.00    0.00    0.00   37.63
02:56:13 AM    1    0.00    0.00   17.98    0.00    2.25   37.08    0.00    0.00    0.00   42.70
02:56:13 AM    2    0.00    0.00   16.13    0.00    2.15   24.73    0.00    0.00    0.00   56.99
02:56:13 AM    3    0.00    0.00   19.57    0.00    2.17   29.35    0.00    0.00    0.00   48.91

02:56:13 AM  CPU    %usr   %nice    %sys %iowait    %irq   %soft  %steal  %guest  %gnice   %idle
02:56:14 AM  all    0.27    0.00   20.00    0.00    2.19   31.23    0.00    0.00    0.00   46.30
02:56:14 AM    0    0.00    0.00   20.88    0.00    3.30   38.46    0.00    0.00    0.00   37.36
02:56:14 AM    1    1.09    0.00   21.74    0.00    2.17   32.61    0.00    0.00    0.00   42.39
02:56:14 AM    2    0.00    0.00   17.39    0.00    1.09   21.74    0.00    0.00    0.00   59.78
02:56:14 AM    3    0.00    0.00   20.00    0.00    2.22   32.22    0.00    0.00    0.00   45.56

02:56:14 AM  CPU    %usr   %nice    %sys %iowait    %irq   %soft  %steal  %guest  %gnice   %idle
02:56:15 AM  all    0.55    0.00   20.17    0.00    1.93   30.11    0.00    0.00    0.00   47.24
02:56:15 AM    0    0.00    0.00   23.60    0.00    1.12   31.46    0.00    0.00    0.00   43.82
02:56:15 AM    1    0.00    0.00   22.73    0.00    2.27   31.82    0.00    0.00    0.00   43.18
02:56:15 AM    2    1.06    0.00   14.89    0.00    2.13   21.28    0.00    0.00    0.00   60.64
02:56:15 AM    3    1.10    0.00   19.78    0.00    2.20   36.26    0.00    0.00    0.00   40.66

02:56:15 AM  CPU    %usr   %nice    %sys %iowait    %irq   %soft  %steal  %guest  %gnice   %idle
02:56:16 AM  all    0.27    0.00   19.51    0.00    2.17   30.08    0.00    0.00    0.00   47.97
02:56:16 AM    0    1.11    0.00   24.44    0.00    2.22   34.44    0.00    0.00    0.00   37.78
02:56:16 AM    1    0.00    0.00   20.00    0.00    2.11   26.32    0.00    0.00    0.00   51.58
02:56:16 AM    2    0.00    0.00   14.89    0.00    2.13   22.34    0.00    0.00    0.00   60.64
02:56:16 AM    3    0.00    0.00   18.89    0.00    2.22   37.78    0.00    0.00    0.00   41.11

02:56:16 AM  CPU    %usr   %nice    %sys %iowait    %irq   %soft  %steal  %guest  %gnice   %idle
02:56:17 AM  all    0.00    0.00   21.45    0.00    2.23   34.26    0.00    0.00    0.00   42.06
02:56:17 AM    0    0.00    0.00   19.78    0.00    2.20   34.07    0.00    0.00    0.00   43.96
02:56:17 AM    1    0.00    0.00   20.22    0.00    2.25   34.83    0.00    0.00    0.00   42.70
02:56:17 AM    2    0.00    0.00   21.35    0.00    2.25   31.46    0.00    0.00    0.00   44.94
02:56:17 AM    3    0.00    0.00   24.44    0.00    2.22   36.67    0.00    0.00    0.00   36.67

02:56:17 AM  CPU    %usr   %nice    %sys %iowait    %irq   %soft  %steal  %guest  %gnice   %idle
02:56:18 AM  all    0.27    0.00   21.10    0.00    2.19   32.05    0.00    0.00    0.00   44.38
02:56:18 AM    0    0.00    0.00   20.00    0.00    3.33   37.78    0.00    0.00    0.00   38.89
02:56:18 AM    1    0.00    0.00   13.83    0.00    1.06   22.34    0.00    0.00    0.00   62.77
02:56:18 AM    2    1.09    0.00   23.91    0.00    2.17   33.70    0.00    0.00    0.00   39.13
02:56:18 AM    3    0.00    0.00   26.97    0.00    2.25   34.83    0.00    0.00    0.00   35.96

02:56:18 AM  CPU    %usr   %nice    %sys %iowait    %irq   %soft  %steal  %guest  %gnice   %idle
02:56:19 AM  all    0.54    0.00   25.61    0.00    2.18   29.70    0.00    0.00    0.00   41.96
02:56:19 AM    0    0.00    0.00   37.36    0.00    2.20   32.97    0.00    0.00    0.00   27.47
02:56:19 AM    1    1.08    0.00   17.20    0.00    2.15   29.03    0.00    0.00    0.00   50.54
02:56:19 AM    2    0.00    0.00   26.97    0.00    2.25   32.58    0.00    0.00    0.00   38.20
02:56:19 AM    3    1.06    0.00   21.28    0.00    2.13   24.47    0.00    0.00    0.00   51.06

02:56:19 AM  CPU    %usr   %nice    %sys %iowait    %irq   %soft  %steal  %guest  %gnice   %idle
02:56:20 AM  all    0.27    0.00   21.74    0.00    2.45   28.80    0.00    0.00    0.00   46.74
02:56:20 AM    0    1.05    0.00   23.16    0.00    3.16   26.32    0.00    0.00    0.00   46.32
02:56:20 AM    1    0.00    0.00   22.83    0.00    2.17   33.70    0.00    0.00    0.00   41.30
02:56:20 AM    2    0.00    0.00   11.96    0.00    2.17   20.65    0.00    0.00    0.00   65.22
02:56:20 AM    3    0.00    0.00   29.21    0.00    2.25   34.83    0.00    0.00    0.00   33.71

02:56:20 AM  CPU    %usr   %nice    %sys %iowait    %irq   %soft  %steal  %guest  %gnice   %idle
02:56:21 AM  all    0.00    0.00   19.89    0.00    1.91   31.06    0.00    0.00    0.00   47.14
02:56:21 AM    0    0.00    0.00   17.20    0.00    2.15   26.88    0.00    0.00    0.00   53.76
02:56:21 AM    1    0.00    0.00   26.67    0.00    2.22   38.89    0.00    0.00    0.00   32.22
02:56:21 AM    2    0.00    0.00   15.05    0.00    1.08   21.51    0.00    0.00    0.00   62.37
02:56:21 AM    3    0.00    0.00   20.88    0.00    2.20   37.36    0.00    0.00    0.00   39.56

02:56:21 AM  CPU    %usr   %nice    %sys %iowait    %irq   %soft  %steal  %guest  %gnice   %idle
02:56:22 AM  all    0.00    0.00   20.83    0.00    2.22   32.22    0.00    0.00    0.00   44.72
02:56:22 AM    0    0.00    0.00   20.00    0.00    2.22   36.67    0.00    0.00    0.00   41.11
02:56:22 AM    1    0.00    0.00   25.27    0.00    2.20   34.07    0.00    0.00    0.00   38.46
02:56:22 AM    2    0.00    0.00   16.48    0.00    2.20   21.98    0.00    0.00    0.00   59.34
02:56:22 AM    3    0.00    0.00   21.59    0.00    2.27   36.36    0.00    0.00    0.00   39.77

02:56:22 AM  CPU    %usr   %nice    %sys %iowait    %irq   %soft  %steal  %guest  %gnice   %idle
02:56:23 AM  all    0.81    0.00   17.34    0.00    2.17   27.10    0.00    0.00    0.00   52.57
02:56:23 AM    0    0.00    0.00   17.58    0.00    1.10   27.47    0.00    0.00    0.00   53.85
02:56:23 AM    1    1.09    0.00   15.22    0.00    2.17   26.09    0.00    0.00    0.00   55.43
02:56:23 AM    2    1.04    0.00   14.58    0.00    2.08   19.79    0.00    0.00    0.00   62.50
02:56:23 AM    3    1.11    0.00   22.22    0.00    3.33   35.56    0.00    0.00    0.00   37.78

02:56:23 AM  CPU    %usr   %nice    %sys %iowait    %irq   %soft  %steal  %guest  %gnice   %idle
02:56:24 AM  all    0.00    0.00   16.30    0.00    2.17   27.72    0.00    0.00    0.00   53.80
02:56:24 AM    0    0.00    0.00   19.35    0.00    2.15   26.88    0.00    0.00    0.00   51.61
02:56:24 AM    1    0.00    0.00   18.48    0.00    2.17   30.43    0.00    0.00    0.00   48.91
02:56:24 AM    2    0.00    0.00   12.90    0.00    2.15   22.58    0.00    0.00    0.00   62.37
02:56:24 AM    3    0.00    0.00   14.44    0.00    2.22   31.11    0.00    0.00    0.00   52.22

02:56:24 AM  CPU    %usr   %nice    %sys %iowait    %irq   %soft  %steal  %guest  %gnice   %idle
02:56:25 AM  all    0.00    0.00   24.12    0.00    2.44   28.46    0.00    0.00    0.00   44.99
02:56:25 AM    0    0.00    0.00   44.21    0.00    4.21   34.74    0.00    0.00    0.00   16.84
02:56:25 AM    1    0.00    0.00   28.41    0.00    2.27   36.36    0.00    0.00    0.00   32.95
02:56:25 AM    2    0.00    0.00   10.64    0.00    2.13   21.28    0.00    0.00    0.00   65.96
02:56:25 AM    3    0.00    0.00   13.04    0.00    1.09   21.74    0.00    0.00    0.00   64.13

02:56:25 AM  CPU    %usr   %nice    %sys %iowait    %irq   %soft  %steal  %guest  %gnice   %idle
02:56:26 AM  all    0.54    0.00   17.39    0.00    2.17   30.43    0.00    0.00    0.00   49.46
02:56:26 AM    0    0.00    0.00   23.86    0.00    2.27   37.50    0.00    0.00    0.00   36.36
02:56:26 AM    1    0.00    0.00   18.28    0.00    3.23   37.63    0.00    0.00    0.00   40.86
02:56:26 AM    2    1.06    0.00   13.83    0.00    1.06   22.34    0.00    0.00    0.00   61.70
02:56:26 AM    3    1.08    0.00   13.98    0.00    2.15   24.73    0.00    0.00    0.00   58.06

02:56:26 AM  CPU    %usr   %nice    %sys %iowait    %irq   %soft  %steal  %guest  %gnice   %idle
02:56:27 AM  all    0.28    0.00   16.53    0.00    1.93   27.27    0.00    0.00    0.00   53.99
02:56:27 AM    0    1.10    0.00   15.38    0.00    2.20   24.18    0.00    0.00    0.00   57.14
02:56:27 AM    1    0.00    0.00   15.56    0.00    1.11   27.78    0.00    0.00    0.00   55.56
02:56:27 AM    2    0.00    0.00   20.00    0.00    2.22   31.11    0.00    0.00    0.00   46.67
02:56:27 AM    3    0.00    0.00   15.22    0.00    2.17   26.09    0.00    0.00    0.00   56.52

02:56:27 AM  CPU    %usr   %nice    %sys %iowait    %irq   %soft  %steal  %guest  %gnice   %idle
02:56:28 AM  all    0.27    0.00   18.96    0.00    2.47   30.77    0.00    0.00    0.00   47.53
02:56:28 AM    0    0.00    0.00   11.70    0.00    2.13   21.28    0.00    0.00    0.00   64.89
02:56:28 AM    1    1.10    0.00   17.58    0.00    3.30   36.26    0.00    0.00    0.00   41.76
02:56:28 AM    2    0.00    0.00   21.11    0.00    2.22   30.00    0.00    0.00    0.00   46.67
02:56:28 AM    3    0.00    0.00   25.84    0.00    2.25   35.96    0.00    0.00    0.00   35.96

02:56:28 AM  CPU    %usr   %nice    %sys %iowait    %irq   %soft  %steal  %guest  %gnice   %idle
02:56:29 AM  all    0.00    0.00   20.56    0.00    2.22   33.61    0.00    0.00    0.00   43.61
02:56:29 AM    0    0.00    0.00   22.22    0.00    2.22   28.89    0.00    0.00    0.00   46.67
02:56:29 AM    1    0.00    0.00   20.43    0.00    2.15   37.63    0.00    0.00    0.00   39.78
02:56:29 AM    2    0.00    0.00   22.47    0.00    2.25   32.58    0.00    0.00    0.00   42.70
02:56:29 AM    3    0.00    0.00   17.05    0.00    2.27   35.23    0.00    0.00    0.00   45.45

02:56:29 AM  CPU    %usr   %nice    %sys %iowait    %irq   %soft  %steal  %guest  %gnice   %idle
02:56:30 AM  all    0.28    0.00   19.34    0.00    2.21   31.49    0.00    0.00    0.00   46.69
02:56:30 AM    0    0.00    0.00   26.97    0.00    2.25   34.83    0.00    0.00    0.00   35.96
02:56:30 AM    1    1.14    0.00   21.59    0.00    2.27   38.64    0.00    0.00    0.00   36.36
02:56:30 AM    2    0.00    0.00   11.70    0.00    2.13   19.15    0.00    0.00    0.00   67.02
02:56:30 AM    3    0.00    0.00   17.58    0.00    2.20   34.07    0.00    0.00    0.00   46.15

02:56:30 AM  CPU    %usr   %nice    %sys %iowait    %irq   %soft  %steal  %guest  %gnice   %idle
02:56:31 AM  all    0.28    0.00   18.06    0.00    2.22   32.50    0.00    0.00    0.00   46.94
02:56:31 AM    0    0.00    0.00   26.14    0.00    2.27   36.36    0.00    0.00    0.00   35.23
02:56:31 AM    1    0.00    0.00   20.00    0.00    2.22   41.11    0.00    0.00    0.00   36.67
02:56:31 AM    2    1.08    0.00   10.75    0.00    2.15   19.35    0.00    0.00    0.00   66.67
02:56:31 AM    3    0.00    0.00   15.73    0.00    2.25   33.71    0.00    0.00    0.00   48.31

02:56:31 AM  CPU    %usr   %nice    %sys %iowait    %irq   %soft  %steal  %guest  %gnice   %idle
02:56:32 AM  all    0.27    0.00   20.05    0.00    2.47   33.79    0.00    0.00    0.00   43.41
02:56:32 AM    0    0.00    0.00   24.14    0.00    3.45   39.08    0.00    0.00    0.00   33.33
02:56:32 AM    1    0.00    0.00   21.74    0.00    2.17   39.13    0.00    0.00    0.00   36.96
02:56:32 AM    2    0.00    0.00   20.43    0.00    2.15   32.26    0.00    0.00    0.00   45.16
02:56:32 AM    3    1.09    0.00   14.13    0.00    2.17   25.00    0.00    0.00    0.00   57.61

02:56:32 AM  CPU    %usr   %nice    %sys %iowait    %irq   %soft  %steal  %guest  %gnice   %idle
02:56:33 AM  all    0.54    0.00   20.92    0.00    2.17   29.35    0.00    0.00    0.00   47.01
02:56:33 AM    0    1.06    0.00   21.28    0.00    2.13   28.72    0.00    0.00    0.00   46.81
02:56:33 AM    1    1.05    0.00   17.89    0.00    2.11   24.21    0.00    0.00    0.00   54.74
02:56:33 AM    2    0.00    0.00   24.44    0.00    2.22   30.00    0.00    0.00    0.00   43.33
02:56:33 AM    3    0.00    0.00   20.22    0.00    2.25   34.83    0.00    0.00    0.00   42.70

02:56:33 AM  CPU    %usr   %nice    %sys %iowait    %irq   %soft  %steal  %guest  %gnice   %idle
02:56:34 AM  all    0.54    0.00   20.00    0.00    2.16   30.81    0.00    0.00    0.00   46.49
02:56:34 AM    0    0.00    0.00   19.35    0.00    2.15   30.11    0.00    0.00    0.00   48.39
02:56:34 AM    1    0.00    0.00   25.81    0.00    2.15   29.03    0.00    0.00    0.00   43.01
02:56:34 AM    2    1.08    0.00   16.13    0.00    2.15   29.03    0.00    0.00    0.00   51.61
02:56:34 AM    3    1.10    0.00   18.68    0.00    2.20   35.16    0.00    0.00    0.00   42.86

02:56:34 AM  CPU    %usr   %nice    %sys %iowait    %irq   %soft  %steal  %guest  %gnice   %idle
02:56:35 AM  all    0.27    0.00   16.44    0.00    2.19   29.04    0.00    0.00    0.00   52.05
02:56:35 AM    0    0.00    0.00   15.38    0.00    2.20   27.47    0.00    0.00    0.00   54.95
02:56:35 AM    1    1.08    0.00   15.05    0.00    2.15   25.81    0.00    0.00    0.00   55.91
02:56:35 AM    2    0.00    0.00   18.68    0.00    2.20   35.16    0.00    0.00    0.00   43.96
02:56:35 AM    3    0.00    0.00   16.67    0.00    2.22   27.78    0.00    0.00    0.00   53.33

02:56:35 AM  CPU    %usr   %nice    %sys %iowait    %irq   %soft  %steal  %guest  %gnice   %idle
02:56:36 AM  all    0.00    0.00   19.57    0.00    2.14   28.95    0.00    0.00    0.00   49.33
02:56:36 AM    0    0.00    0.00   15.79    0.00    2.11   21.05    0.00    0.00    0.00   61.05
02:56:36 AM    1    0.00    0.00   25.27    0.00    2.20   32.97    0.00    0.00    0.00   39.56
02:56:36 AM    2    0.00    0.00   22.83    0.00    2.17   40.22    0.00    0.00    0.00   34.78
02:56:36 AM    3    0.00    0.00   14.74    0.00    2.11   22.11    0.00    0.00    0.00   61.05

02:56:36 AM  CPU    %usr   %nice    %sys %iowait    %irq   %soft  %steal  %guest  %gnice   %idle
02:56:37 AM  all    0.54    0.00   18.53    0.00    1.91   25.34    0.00    0.00    0.00   53.68
02:56:37 AM    0    1.08    0.00   12.90    0.00    1.08   19.35    0.00    0.00    0.00   65.59
02:56:37 AM    1    0.00    0.00   28.41    0.00    2.27   34.09    0.00    0.00    0.00   35.23
02:56:37 AM    2    1.06    0.00   15.96    0.00    2.13   22.34    0.00    0.00    0.00   58.51
02:56:37 AM    3    0.00    0.00   17.39    0.00    2.17   26.09    0.00    0.00    0.00   54.35

02:56:37 AM  CPU    %usr   %nice    %sys %iowait    %irq   %soft  %steal  %guest  %gnice   %idle
02:56:38 AM  all    0.27    0.00   16.35    0.00    2.18   26.98    0.00    0.00    0.00   54.22
02:56:38 AM    0    0.00    0.00   12.77    0.00    2.13   21.28    0.00    0.00    0.00   63.83
02:56:38 AM    1    0.00    0.00   14.13    0.00    2.17   23.91    0.00    0.00    0.00   59.78
02:56:38 AM    2    0.00    0.00   17.58    0.00    2.20   28.57    0.00    0.00    0.00   51.65
02:56:38 AM    3    1.11    0.00   21.11    0.00    2.22   34.44    0.00    0.00    0.00   41.11

02:56:38 AM  CPU    %usr   %nice    %sys %iowait    %irq   %soft  %steal  %guest  %gnice   %idle
02:56:39 AM  all    0.28    0.00   16.30    0.00    2.21   31.22    0.00    0.00    0.00   50.00
02:56:39 AM    0    0.00    0.00   14.29    0.00    2.20   21.98    0.00    0.00    0.00   61.54
02:56:39 AM    1    0.00    0.00   11.96    0.00    2.17   22.83    0.00    0.00    0.00   63.04
02:56:39 AM    2    1.11    0.00   20.00    0.00    2.22   41.11    0.00    0.00    0.00   35.56
02:56:39 AM    3    0.00    0.00   19.10    0.00    2.25   39.33    0.00    0.00    0.00   39.33

02:56:39 AM  CPU    %usr   %nice    %sys %iowait    %irq   %soft  %steal  %guest  %gnice   %idle
02:56:40 AM  all    0.27    0.00   17.26    0.00    2.19   31.23    0.00    0.00    0.00   49.04
02:56:40 AM    0    1.08    0.00   15.05    0.00    2.15   21.51    0.00    0.00    0.00   60.22
02:56:40 AM    1    0.00    0.00   13.04    0.00    2.17   25.00    0.00    0.00    0.00   59.78
02:56:40 AM    2    0.00    0.00   21.11    0.00    2.22   41.11    0.00    0.00    0.00   35.56
02:56:40 AM    3    0.00    0.00   20.00    0.00    2.22   37.78    0.00    0.00    0.00   40.00

02:56:40 AM  CPU    %usr   %nice    %sys %iowait    %irq   %soft  %steal  %guest  %gnice   %idle
02:56:41 AM  all    0.55    0.00   18.96    0.00    1.92   32.69    0.00    0.00    0.00   45.88
02:56:41 AM    0    0.00    0.00   19.10    0.00    2.25   32.58    0.00    0.00    0.00   46.07
02:56:41 AM    1    1.08    0.00   15.05    0.00    1.08   24.73    0.00    0.00    0.00   58.06
02:56:41 AM    2    1.08    0.00   19.35    0.00    2.15   37.63    0.00    0.00    0.00   39.78
02:56:41 AM    3    0.00    0.00   22.47    0.00    2.25   35.96    0.00    0.00    0.00   39.33

02:56:41 AM  CPU    %usr   %nice    %sys %iowait    %irq   %soft  %steal  %guest  %gnice   %idle
02:56:42 AM  all    0.00    0.00   19.34    0.00    2.21   32.32    0.00    0.00    0.00   46.13
02:56:42 AM    0    0.00    0.00   23.60    0.00    2.25   35.96    0.00    0.00    0.00   38.20
02:56:42 AM    1    0.00    0.00   12.63    0.00    2.11   20.00    0.00    0.00    0.00   65.26
02:56:42 AM    2    0.00    0.00   19.10    0.00    2.25   38.20    0.00    0.00    0.00   40.45
02:56:42 AM    3    0.00    0.00   22.47    0.00    2.25   35.96    0.00    0.00    0.00   39.33

02:56:42 AM  CPU    %usr   %nice    %sys %iowait    %irq   %soft  %steal  %guest  %gnice   %idle
02:56:43 AM  all    0.28    0.00   22.47    0.00    2.25   30.62    0.00    0.00    0.00   44.38
02:56:43 AM    0    0.00    0.00   31.03    0.00    2.30   34.48    0.00    0.00    0.00   32.18
02:56:43 AM    1    0.00    0.00    9.78    0.00    2.17   19.57    0.00    0.00    0.00   68.48
02:56:43 AM    2    0.00    0.00   19.10    0.00    2.25   37.08    0.00    0.00    0.00   41.57
02:56:43 AM    3    1.14    0.00   30.68    0.00    2.27   31.82    0.00    0.00    0.00   34.09

02:56:43 AM  CPU    %usr   %nice    %sys %iowait    %irq   %soft  %steal  %guest  %gnice   %idle
02:56:44 AM  all    0.55    0.00   18.23    0.00    2.21   31.22    0.00    0.00    0.00   47.79
02:56:44 AM    0    1.06    0.00    9.57    0.00    2.13   19.15    0.00    0.00    0.00   68.09
02:56:44 AM    1    0.00    0.00   16.48    0.00    2.20   36.26    0.00    0.00    0.00   45.05
02:56:44 AM    2    1.11    0.00   21.11    0.00    2.22   34.44    0.00    0.00    0.00   41.11
02:56:44 AM    3    0.00    0.00   26.44    0.00    2.30   35.63    0.00    0.00    0.00   35.63

02:56:44 AM  CPU    %usr   %nice    %sys %iowait    %irq   %soft  %steal  %guest  %gnice   %idle
02:56:45 AM  all    0.00    0.00   16.80    0.00    2.17   27.37    0.00    0.00    0.00   53.66
02:56:45 AM    0    0.00    0.00   13.68    0.00    2.11   18.95    0.00    0.00    0.00   65.26
02:56:45 AM    1    0.00    0.00   15.22    0.00    2.17   28.26    0.00    0.00    0.00   54.35
02:56:45 AM    2    0.00    0.00   18.09    0.00    2.13   26.60    0.00    0.00    0.00   53.19
02:56:45 AM    3    0.00    0.00   20.45    0.00    2.27   36.36    0.00    0.00    0.00   40.91

02:56:45 AM  CPU    %usr   %nice    %sys %iowait    %irq   %soft  %steal  %guest  %gnice   %idle
02:56:46 AM  all    0.27    0.00   20.49    0.00    1.91   30.05    0.00    0.00    0.00   47.27
02:56:46 AM    0    0.00    0.00   14.89    0.00    2.13   20.21    0.00    0.00    0.00   62.77
02:56:46 AM    1    1.10    0.00   18.68    0.00    1.10   32.97    0.00    0.00    0.00   46.15
02:56:46 AM    2    0.00    0.00   23.60    0.00    2.25   34.83    0.00    0.00    0.00   39.33
02:56:46 AM    3    0.00    0.00   25.00    0.00    2.17   32.61    0.00    0.00    0.00   40.22

02:56:46 AM  CPU    %usr   %nice    %sys %iowait    %irq   %soft  %steal  %guest  %gnice   %idle
02:56:47 AM  all    0.28    0.00   16.30    0.00    2.49   32.87    0.00    0.00    0.00   48.07
02:56:47 AM    0    0.00    0.00   19.32    0.00    2.27   39.77    0.00    0.00    0.00   38.64
02:56:47 AM    1    0.00    0.00   16.48    0.00    3.30   36.26    0.00    0.00    0.00   43.96
02:56:47 AM    2    1.08    0.00   15.05    0.00    2.15   26.88    0.00    0.00    0.00   54.84
02:56:47 AM    3    0.00    0.00   14.44    0.00    2.22   28.89    0.00    0.00    0.00   54.44

02:56:47 AM  CPU    %usr   %nice    %sys %iowait    %irq   %soft  %steal  %guest  %gnice   %idle
02:56:48 AM  all    0.28    0.00   20.00    0.00    2.22   35.56    0.00    0.00    0.00   41.94
02:56:48 AM    0    1.12    0.00   16.85    0.00    2.25   38.20    0.00    0.00    0.00   41.57
02:56:48 AM    1    0.00    0.00   23.60    0.00    2.25   35.96    0.00    0.00    0.00   38.20
02:56:48 AM    2    0.00    0.00   20.88    0.00    2.20   36.26    0.00    0.00    0.00   40.66
02:56:48 AM    3    0.00    0.00   18.68    0.00    2.20   31.87    0.00    0.00    0.00   47.25

02:56:48 AM  CPU    %usr   %nice    %sys %iowait    %irq   %soft  %steal  %guest  %gnice   %idle
02:56:49 AM  all    0.82    0.00   20.60    0.00    1.92   33.79    0.00    0.00    0.00   42.86
02:56:49 AM    0    0.00    0.00   21.11    0.00    2.22   35.56    0.00    0.00    0.00   41.11
02:56:49 AM    1    1.10    0.00   18.68    0.00    1.10   32.97    0.00    0.00    0.00   46.15
02:56:49 AM    2    1.10    0.00   25.27    0.00    2.20   30.77    0.00    0.00    0.00   40.66
02:56:49 AM    3    1.09    0.00   17.39    0.00    2.17   35.87    0.00    0.00    0.00   43.48

02:56:49 AM  CPU    %usr   %nice    %sys %iowait    %irq   %soft  %steal  %guest  %gnice   %idle
02:56:50 AM  all    1.79    0.00   12.82    0.00    1.54   22.82    0.00    0.00    0.00   61.03
02:56:50 AM    0    2.11    0.00   15.79    0.00    2.11    5.26    0.00    0.00    0.00   74.74
02:56:50 AM    1    0.00    0.00    3.00    0.00    1.00   77.00    0.00    0.00    0.00   19.00
02:56:50 AM    2    2.04    0.00   18.37    0.00    1.02    2.04    0.00    0.00    0.00   76.53
02:56:50 AM    3    3.09    0.00   14.43    0.00    2.06    5.15    0.00    0.00    0.00   75.26

02:56:50 AM  CPU    %usr   %nice    %sys %iowait    %irq   %soft  %steal  %guest  %gnice   %idle
02:56:51 AM  all    2.06    0.00   14.95    0.00    1.03   25.52    0.00    0.00    0.00   56.44
02:56:51 AM    0    3.16    0.00   20.00    0.00    1.05    0.00    0.00    0.00    0.00   75.79
02:56:51 AM    1    0.00    0.00    0.00    0.00    0.00  100.00    0.00    0.00    0.00    0.00
02:56:51 AM    2    3.06    0.00   20.41    0.00    2.04    0.00    0.00    0.00    0.00   74.49
02:56:51 AM    3    2.08    0.00   19.79    0.00    1.04    0.00    0.00    0.00    0.00   77.08

02:56:51 AM  CPU    %usr   %nice    %sys %iowait    %irq   %soft  %steal  %guest  %gnice   %idle
02:56:52 AM  all    2.28    0.00   14.72    0.00    1.27   25.13    0.00    0.00    0.00   56.60
02:56:52 AM    0    3.16    0.00   18.95    0.00    2.11    0.00    0.00    0.00    0.00   75.79
02:56:52 AM    1    0.00    0.00    0.00    0.00    0.00   97.03    0.00    0.00    0.00    2.97
02:56:52 AM    2    3.09    0.00   17.53    0.00    1.03    1.03    0.00    0.00    0.00   77.32
02:56:52 AM    3    2.97    0.00   22.77    0.00    1.98    0.00    0.00    0.00    0.00   72.28

02:56:52 AM  CPU    %usr   %nice    %sys %iowait    %irq   %soft  %steal  %guest  %gnice   %idle
02:56:53 AM  all    2.05    0.00    7.18    0.00    1.03   11.79    0.00    0.00    0.00   77.95
02:56:53 AM    0    2.06    0.00   12.37    0.00    1.03    0.00    0.00    0.00    0.00   84.54
02:56:53 AM    1    0.00    0.00    0.00    0.00    1.01   44.44    0.00    0.00    0.00   54.55
02:56:53 AM    2    1.04    0.00    6.25    0.00    1.04    0.00    0.00    0.00    0.00   91.67
02:56:53 AM    3    5.10    0.00   10.20    0.00    1.02    2.04    0.00    0.00    0.00   81.63

02:56:53 AM  CPU    %usr   %nice    %sys %iowait    %irq   %soft  %steal  %guest  %gnice   %idle
02:56:54 AM  all    2.01    0.00    9.55    0.00    1.01   14.32    0.00    0.00    0.00   73.12
02:56:54 AM    0    2.08    0.00   13.54    0.00    1.04    0.00    0.00    0.00    0.00   83.33
02:56:54 AM    1    1.01    0.00    7.07    0.00    1.01   22.22    0.00    0.00    0.00   68.69
02:56:54 AM    2    2.97    0.00   10.89    0.00    0.99    0.00    0.00    0.00    0.00   85.15
02:56:54 AM    3    1.96    0.00    6.86    0.00    0.98   34.31    0.00    0.00    0.00   55.88

02:56:54 AM  CPU    %usr   %nice    %sys %iowait    %irq   %soft  %steal  %guest  %gnice   %idle
02:56:55 AM  all    2.03    0.00    9.64    0.00    0.51   14.72    0.00    0.00    0.00   73.10
02:56:55 AM    0    3.03    0.00   11.11    0.00    1.01    0.00    0.00    0.00    0.00   84.85
02:56:55 AM    1    2.04    0.00    8.16    0.00    0.00   21.43    0.00    0.00    0.00   68.37
02:56:55 AM    2    3.03    0.00   11.11    0.00    1.01    0.00    0.00    0.00    0.00   84.85
02:56:55 AM    3    0.00    0.00    8.16    0.00    0.00   37.76    0.00    0.00    0.00   54.08

02:56:55 AM  CPU    %usr   %nice    %sys %iowait    %irq   %soft  %steal  %guest  %gnice   %idle
02:56:56 AM  all    2.28    0.00    9.39    0.00    1.02   12.44    0.00    0.00    0.00   74.87
02:56:56 AM    0    3.00    0.00    7.00    0.00    1.00    0.00    0.00    0.00    0.00   89.00
02:56:56 AM    1    2.04    0.00    8.16    0.00    1.02   23.47    0.00    0.00    0.00   65.31
02:56:56 AM    2    2.06    0.00   15.46    0.00    1.03    0.00    0.00    0.00    0.00   81.44
02:56:56 AM    3    2.02    0.00    7.07    0.00    1.01   26.26    0.00    0.00    0.00   63.64

02:56:56 AM  CPU    %usr   %nice    %sys %iowait    %irq   %soft  %steal  %guest  %gnice   %idle
02:56:57 AM  all    1.50    0.00    8.27    0.00    1.00   12.78    0.00    0.00    0.00   76.44
02:56:57 AM    0    2.04    0.00    9.18    0.00    1.02    0.00    0.00    0.00    0.00   87.76
02:56:57 AM    1    0.99    0.00    4.95    0.00    0.99   29.70    0.00    0.00    0.00   63.37
02:56:57 AM    2    2.02    0.00   13.13    0.00    1.01    0.00    0.00    0.00    0.00   83.84
02:56:57 AM    3    0.99    0.00    5.94    0.00    0.99   20.79    0.00    0.00    0.00   71.29

Average:     CPU    %usr   %nice    %sys %iowait    %irq   %soft  %steal  %guest  %gnice   %idle
Average:     all    0.50    0.00   17.75    0.01    1.95   27.96    0.00    0.00    0.00   51.83
Average:       0    0.54    0.00   18.56    0.00    2.04   26.01    0.00    0.00    0.00   52.85
Average:       1    0.35    0.00   16.39    0.02    1.86   32.10    0.00    0.00    0.00   49.28
Average:       2    0.57    0.00   17.63    0.02    1.94   25.16    0.00    0.00    0.00   54.67
Average:       3    0.53    0.00   18.42    0.00    1.96   28.56    0.00    0.00    0.00   50.54
