Linux 6.17.1-300.fc43.aarch64 (t2-vm1) 	08/05/2026 	_aarch64_	(4 CPU)

02:55:47 AM  CPU    %usr   %nice    %sys %iowait    %irq   %soft  %steal  %guest  %gnice   %idle
02:55:48 AM  all    0.00    0.00    0.00    0.00    0.00    0.00    0.00    0.00    0.00  100.00
02:55:48 AM    0    0.00    0.00    0.00    0.00    0.00    0.00    0.00    0.00    0.00  100.00
02:55:48 AM    1    0.00    0.00    0.00    0.00    0.00    0.00    0.00    0.00    0.00  100.00
02:55:48 AM    2    0.00    0.00    0.00    0.00    0.00    0.00    0.00    0.00    0.00  100.00
02:55:48 AM    3    0.00    0.00    0.00    0.00    0.00    0.00    0.00    0.00    0.00  100.00

02:55:48 AM  CPU    %usr   %nice    %sys %iowait    %irq   %soft  %steal  %guest  %gnice   %idle
02:55:49 AM  all    0.00    0.00    0.00    0.00    0.00    0.00    0.00    0.00    0.00  100.00
02:55:49 AM    0    0.00    0.00    0.00    0.00    0.00    0.00    0.00    0.00    0.00  100.00
02:55:49 AM    1    0.00    0.00    0.00    0.00    0.00    0.00    0.00    0.00    0.00  100.00
02:55:49 AM    2    0.00    0.00    0.00    0.00    0.00    0.00    0.00    0.00    0.00  100.00
02:55:49 AM    3    0.00    0.00    0.00    0.00    0.00    0.00    0.00    0.00    0.00  100.00

02:55:49 AM  CPU    %usr   %nice    %sys %iowait    %irq   %soft  %steal  %guest  %gnice   %idle
02:55:50 AM  all    0.77    0.00   27.95    0.51    1.28   10.00    0.00    0.00    0.00   59.49
02:55:50 AM    0    1.02    0.00   25.51    1.02    2.04    9.18    0.00    0.00    0.00   61.22
02:55:50 AM    1    0.00    0.00   26.80    0.00    1.03   10.31    0.00    0.00    0.00   61.86
02:55:50 AM    2    1.02    0.00   22.45    1.02    1.02    8.16    0.00    0.00    0.00   66.33
02:55:50 AM    3    1.03    0.00   37.11    0.00    1.03   12.37    0.00    0.00    0.00   48.45

02:55:50 AM  CPU    %usr   %nice    %sys %iowait    %irq   %soft  %steal  %guest  %gnice   %idle
02:55:51 AM  all    0.25    0.00   27.50    0.00    1.00   14.00    0.00    0.00    0.00   57.25
02:55:51 AM    0    0.00    0.00   32.35    0.00    0.98    3.92    0.00    0.00    0.00   62.75
02:55:51 AM    1    1.01    0.00   37.37    0.00    1.01    1.01    0.00    0.00    0.00   59.60
02:55:51 AM    2    0.00    0.00   36.00    0.00    1.00    1.00    0.00    0.00    0.00   62.00
02:55:51 AM    3    0.00    0.00    4.04    0.00    1.01   50.51    0.00    0.00    0.00   44.44

02:55:51 AM  CPU    %usr   %nice    %sys %iowait    %irq   %soft  %steal  %guest  %gnice   %idle
02:55:52 AM  all    0.51    0.00   21.46    0.00    0.00   15.15    0.00    0.00    0.00   62.88
02:55:52 AM    0    1.00    0.00   26.00    0.00    0.00    0.00    0.00    0.00    0.00   73.00
02:55:52 AM    1    0.00    0.00   26.80    0.00    0.00    0.00    0.00    0.00    0.00   73.20
02:55:52 AM    2    1.01    0.00   31.31    0.00    0.00    0.00    0.00    0.00    0.00   67.68
02:55:52 AM    3    0.00    0.00    2.00    0.00    0.00   60.00    0.00    0.00    0.00   38.00

02:55:52 AM  CPU    %usr   %nice    %sys %iowait    %irq   %soft  %steal  %guest  %gnice   %idle
02:55:53 AM  all    0.25    0.00   27.65    0.00    0.99   13.09    0.00    0.00    0.00   58.02
02:55:53 AM    0    0.00    0.00   33.66    0.00    0.99    0.00    0.00    0.00    0.00   65.35
02:55:53 AM    1    0.00    0.00   33.33    0.00    1.01    1.01    0.00    0.00    0.00   64.65
02:55:53 AM    2    0.96    0.00   41.35    0.00    0.96    0.00    0.00    0.00    0.00   56.73
02:55:53 AM    3    0.00    0.00    1.98    0.00    0.99   51.49    0.00    0.00    0.00   45.54

02:55:53 AM  CPU    %usr   %nice    %sys %iowait    %irq   %soft  %steal  %guest  %gnice   %idle
02:55:54 AM  all    0.25    0.00   29.35    0.00    0.50   12.69    0.00    0.00    0.00   57.21
02:55:54 AM    0    0.00    0.00   34.69    0.00    0.00    0.00    0.00    0.00    0.00   65.31
02:55:54 AM    1    1.02    0.00   32.65    0.00    0.00    0.00    0.00    0.00    0.00   66.33
02:55:54 AM    2    0.00    0.00   46.23    0.00    0.94    0.00    0.00    0.00    0.00   52.83
02:55:54 AM    3    0.00    0.00    3.00    0.00    1.00   51.00    0.00    0.00    0.00   45.00

02:55:54 AM  CPU    %usr   %nice    %sys %iowait    %irq   %soft  %steal  %guest  %gnice   %idle
02:55:55 AM  all    0.76    0.00   30.98    0.00    0.50   12.85    0.00    0.00    0.00   54.91
02:55:55 AM    0    1.01    0.00   34.34    0.00    1.01    0.00    0.00    0.00    0.00   63.64
02:55:55 AM    1    0.99    0.00   40.59    0.00    0.99    0.00    0.00    0.00    0.00   57.43
02:55:55 AM    2    1.03    0.00   47.42    0.00    0.00    1.03    0.00    0.00    0.00   50.52
02:55:55 AM    3    0.00    0.00    2.00    0.00    0.00   50.00    0.00    0.00    0.00   48.00

02:55:55 AM  CPU    %usr   %nice    %sys %iowait    %irq   %soft  %steal  %guest  %gnice   %idle
02:55:56 AM  all    0.00    0.00   32.57    0.00    0.51   11.96    0.00    0.00    0.00   54.96
02:55:56 AM    0    0.00    0.00   35.00    0.00    0.00    0.00    0.00    0.00    0.00   65.00
02:55:56 AM    1    0.00    0.00   42.86    0.00    0.00    0.00    0.00    0.00    0.00   57.14
02:55:56 AM    2    0.00    0.00   51.58    0.00    1.05    0.00    0.00    0.00    0.00   47.37
02:55:56 AM    3    0.00    0.00    2.00    0.00    1.00   47.00    0.00    0.00    0.00   50.00

02:55:56 AM  CPU    %usr   %nice    %sys %iowait    %irq   %soft  %steal  %guest  %gnice   %idle
02:55:57 AM  all    0.25    0.00   31.82    0.00    0.76   11.87    0.00    0.00    0.00   55.30
02:55:57 AM    0    0.00    0.00   40.40    0.00    1.01    0.00    0.00    0.00    0.00   58.59
02:55:57 AM    1    0.00    0.00   38.61    0.00    0.99    0.00    0.00    0.00    0.00   60.40
02:55:57 AM    2    1.04    0.00   47.92    0.00    1.04    0.00    0.00    0.00    0.00   50.00
02:55:57 AM    3    0.00    0.00    1.00    0.00    0.00   47.00    0.00    0.00    0.00   52.00

02:55:57 AM  CPU    %usr   %nice    %sys %iowait    %irq   %soft  %steal  %guest  %gnice   %idle
02:55:58 AM  all    0.51    0.00   25.19    0.00    0.26   11.57    0.00    0.00    0.00   62.47
02:55:58 AM    0    0.00    0.00   30.61    0.00    0.00    0.00    0.00    0.00    0.00   69.39
02:55:58 AM    1    1.03    0.00   31.96    0.00    0.00    0.00    0.00    0.00    0.00   67.01
02:55:58 AM    2    1.06    0.00   38.30    0.00    1.06    0.00    0.00    0.00    0.00   59.57
02:55:58 AM    3    0.00    0.00    1.00    0.00    0.00   45.00    0.00    0.00    0.00   54.00

02:55:58 AM  CPU    %usr   %nice    %sys %iowait    %irq   %soft  %steal  %guest  %gnice   %idle
02:55:59 AM  all    0.00    0.00   27.91    0.00    0.78   11.37    0.00    0.00    0.00   59.95
02:55:59 AM    0    0.00    0.00   32.99    0.00    1.03    0.00    0.00    0.00    0.00   65.98
02:55:59 AM    1    0.00    0.00   41.94    0.00    1.08    0.00    0.00    0.00    0.00   56.99
02:55:59 AM    2    0.00    0.00   36.46    0.00    0.00    0.00    0.00    0.00    0.00   63.54
02:55:59 AM    3    0.00    0.00    1.98    0.00    0.99   43.56    0.00    0.00    0.00   53.47

02:55:59 AM  CPU    %usr   %nice    %sys %iowait    %irq   %soft  %steal  %guest  %gnice   %idle
02:56:00 AM  all    0.51    0.00   28.61    0.00    0.25   11.65    0.00    0.00    0.00   58.99
02:56:00 AM    0    1.05    0.00   41.05    0.00    0.00    0.00    0.00    0.00    0.00   57.89
02:56:00 AM    1    0.99    0.00   36.63    0.00    0.00    0.00    0.00    0.00    0.00   62.38
02:56:00 AM    2    0.00    0.00   36.00    0.00    1.00    0.00    0.00    0.00    0.00   63.00
02:56:00 AM    3    0.00    0.00    1.01    0.00    0.00   46.46    0.00    0.00    0.00   52.53

02:56:00 AM  CPU    %usr   %nice    %sys %iowait    %irq   %soft  %steal  %guest  %gnice   %idle
02:56:01 AM  all    0.25    0.00   27.57    0.00    0.75   11.53    0.00    0.00    0.00   59.90
02:56:01 AM    0    0.00    0.00   33.00    0.00    1.00    0.00    0.00    0.00    0.00   66.00
02:56:01 AM    1    0.00    0.00   37.25    0.00    0.98    0.00    0.00    0.00    0.00   61.76
02:56:01 AM    2    1.03    0.00   38.14    0.00    0.00    0.00    0.00    0.00    0.00   60.82
02:56:01 AM    3    0.00    0.00    2.00    0.00    1.00   46.00    0.00    0.00    0.00   51.00

02:56:01 AM  CPU    %usr   %nice    %sys %iowait    %irq   %soft  %steal  %guest  %gnice   %idle
02:56:02 AM  all    0.26    0.00   28.50    0.00    0.26   11.14    0.00    0.00    0.00   59.84
02:56:02 AM    0    0.00    0.00   44.57    0.00    0.00    1.09    0.00    0.00    0.00   54.35
02:56:02 AM    1    0.00    0.00   30.21    0.00    0.00    0.00    0.00    0.00    0.00   69.79
02:56:02 AM    2    1.02    0.00   39.80    0.00    1.02    0.00    0.00    0.00    0.00   58.16
02:56:02 AM    3    0.00    0.00    1.00    0.00    0.00   42.00    0.00    0.00    0.00   57.00

02:56:02 AM  CPU    %usr   %nice    %sys %iowait    %irq   %soft  %steal  %guest  %gnice   %idle
02:56:03 AM  all    0.51    0.00   28.50    0.51    1.02   10.43    0.00    0.00    0.00   59.03
02:56:03 AM    0    1.09    0.00   39.13    0.00    1.09    0.00    0.00    0.00    0.00   58.70
02:56:03 AM    1    1.00    0.00   33.00    0.00    1.00    0.00    0.00    0.00    0.00   65.00
02:56:03 AM    2    0.00    0.00   41.41    1.01    1.01    0.00    0.00    0.00    0.00   56.57
02:56:03 AM    3    0.00    0.00    1.96    0.98    0.98   40.20    0.00    0.00    0.00   55.88

02:56:03 AM  CPU    %usr   %nice    %sys %iowait    %irq   %soft  %steal  %guest  %gnice   %idle
02:56:04 AM  all    0.00    0.00   33.08    0.50    0.25   10.53    0.00    0.00    0.00   55.64
02:56:04 AM    0    0.00    0.00   43.56    0.99    0.99    0.00    0.00    0.00    0.00   54.46
02:56:04 AM    1    0.00    0.00   36.08    1.03    0.00    0.00    0.00    0.00    0.00   62.89
02:56:04 AM    2    0.00    0.00   49.02    0.00    0.00    0.00    0.00    0.00    0.00   50.98
02:56:04 AM    3    0.00    0.00    3.03    0.00    0.00   42.42    0.00    0.00    0.00   54.55

02:56:04 AM  CPU    %usr   %nice    %sys %iowait    %irq   %soft  %steal  %guest  %gnice   %idle
02:56:05 AM  all    0.51    0.00   28.64    0.00    0.77   11.00    0.00    0.00    0.00   59.08
02:56:05 AM    0    1.03    0.00   32.99    0.00    0.00    0.00    0.00    0.00    0.00   65.98
02:56:05 AM    1    0.00    0.00   33.67    0.00    1.02    0.00    0.00    0.00    0.00   65.31
02:56:05 AM    2    1.04    0.00   46.88    0.00    1.04    0.00    0.00    0.00    0.00   51.04
02:56:05 AM    3    0.00    0.00    2.00    0.00    1.00   43.00    0.00    0.00    0.00   54.00

02:56:05 AM  CPU    %usr   %nice    %sys %iowait    %irq   %soft  %steal  %guest  %gnice   %idle
02:56:06 AM  all    0.26    0.00   29.49    0.00    0.51   11.54    0.00    0.00    0.00   58.21
02:56:06 AM    0    0.00    0.00   33.00    0.00    1.00    0.00    0.00    0.00    0.00   66.00
02:56:06 AM    1    1.04    0.00   37.50    0.00    0.00    0.00    0.00    0.00    0.00   61.46
02:56:06 AM    2    0.00    0.00   46.81    0.00    1.06    0.00    0.00    0.00    0.00   52.13
02:56:06 AM    3    0.00    0.00    2.00    0.00    0.00   45.00    0.00    0.00    0.00   53.00

02:56:06 AM  CPU    %usr   %nice    %sys %iowait    %irq   %soft  %steal  %guest  %gnice   %idle
02:56:07 AM  all    0.25    0.00   28.72    0.00    0.76   10.83    0.00    0.00    0.00   59.45
02:56:07 AM    0    0.00    0.00   33.00    0.00    0.00    0.00    0.00    0.00    0.00   67.00
02:56:07 AM    1    0.00    0.00   32.32    0.00    1.01    0.00    0.00    0.00    0.00   66.67
02:56:07 AM    2    1.03    0.00   48.45    0.00    1.03    0.00    0.00    0.00    0.00   49.48
02:56:07 AM    3    0.00    0.00    1.98    0.00    0.99   42.57    0.00    0.00    0.00   54.46

02:56:07 AM  CPU    %usr   %nice    %sys %iowait    %irq   %soft  %steal  %guest  %gnice   %idle
02:56:08 AM  all    0.76    0.00   27.09    0.00    0.25    9.62    0.00    0.00    0.00   62.28
02:56:08 AM    0    0.98    0.00   32.35    0.00    0.98    0.00    0.00    0.00    0.00   65.69
02:56:08 AM    1    1.01    0.00   32.32    0.00    0.00    0.00    0.00    0.00    0.00   66.67
02:56:08 AM    2    1.05    0.00   43.16    0.00    0.00    0.00    0.00    0.00    0.00   55.79
02:56:08 AM    3    0.00    0.00    1.01    0.00    0.00   38.38    0.00    0.00    0.00   60.61

02:56:08 AM  CPU    %usr   %nice    %sys %iowait    %irq   %soft  %steal  %guest  %gnice   %idle
02:56:09 AM  all    0.00    0.00   32.51    0.00    0.74   10.10    0.00    0.00    0.00   56.65
02:56:09 AM    0    0.00    0.00   45.87    0.00    0.00    0.00    0.00    0.00    0.00   54.13
02:56:09 AM    1    0.00    0.00   44.90    0.00    1.02    0.00    0.00    0.00    0.00   54.08
02:56:09 AM    2    0.00    0.00   36.73    0.00    1.02    1.02    0.00    0.00    0.00   61.22
02:56:09 AM    3    0.00    0.00    1.98    0.00    0.99   39.60    0.00    0.00    0.00   57.43

02:56:09 AM  CPU    %usr   %nice    %sys %iowait    %irq   %soft  %steal  %guest  %gnice   %idle
02:56:10 AM  all    0.24    0.00   31.89    0.00    0.48    9.59    0.00    0.00    0.00   57.79
02:56:10 AM    0    0.94    0.00   40.57    0.00    0.94    0.00    0.00    0.00    0.00   57.55
02:56:10 AM    1    0.00    0.00   46.90    0.00    0.88    0.88    0.00    0.00    0.00   51.33
02:56:10 AM    2    0.00    0.00   36.36    0.00    0.00    0.00    0.00    0.00    0.00   63.64
02:56:10 AM    3    0.00    0.00    1.01    0.00    0.00   39.39    0.00    0.00    0.00   59.60

02:56:10 AM  CPU    %usr   %nice    %sys %iowait    %irq   %soft  %steal  %guest  %gnice   %idle
02:56:11 AM  all    0.50    0.00   31.58    0.00    0.75   10.78    0.00    0.00    0.00   56.39
02:56:11 AM    0    0.00    0.00   39.05    0.00    0.95    0.95    0.00    0.00    0.00   59.05
02:56:11 AM    1    1.02    0.00   37.76    0.00    0.00    0.00    0.00    0.00    0.00   61.22
02:56:11 AM    2    1.06    0.00   45.74    0.00    1.06    0.00    0.00    0.00    0.00   52.13
02:56:11 AM    3    0.00    0.00    4.90    0.00    0.98   41.18    0.00    0.00    0.00   52.94

02:56:11 AM  CPU    %usr   %nice    %sys %iowait    %irq   %soft  %steal  %guest  %gnice   %idle
02:56:12 AM  all    0.25    0.00   28.25    0.00    0.50   10.25    0.00    0.00    0.00   60.75
02:56:12 AM    0    0.00    0.00   31.00    0.00    0.00    0.00    0.00    0.00    0.00   69.00
02:56:12 AM    1    0.00    0.00   34.65    0.00    0.99    0.00    0.00    0.00    0.00   64.36
02:56:12 AM    2    1.00    0.00   45.00    0.00    1.00    0.00    0.00    0.00    0.00   53.00
02:56:12 AM    3    0.00    0.00    2.02    0.00    0.00   41.41    0.00    0.00    0.00   56.57

02:56:12 AM  CPU    %usr   %nice    %sys %iowait    %irq   %soft  %steal  %guest  %gnice   %idle
02:56:13 AM  all    0.25    0.00   24.87    0.00    0.51   10.41    0.00    0.00    0.00   63.96
02:56:13 AM    0    1.01    0.00   29.29    0.00    1.01    0.00    0.00    0.00    0.00   68.69
02:56:13 AM    1    0.00    0.00   34.02    0.00    0.00    0.00    0.00    0.00    0.00   65.98
02:56:13 AM    2    0.00    0.00   32.99    0.00    0.00    0.00    0.00    0.00    0.00   67.01
02:56:13 AM    3    0.00    0.00    3.96    0.00    0.99   40.59    0.00    0.00    0.00   54.46

02:56:13 AM  CPU    %usr   %nice    %sys %iowait    %irq   %soft  %steal  %guest  %gnice   %idle
02:56:14 AM  all    0.00    0.00   26.88    0.00    0.50   11.31    0.00    0.00    0.00   61.31
02:56:14 AM    0    0.00    0.00   27.08    0.00    0.00    0.00    0.00    0.00    0.00   72.92
02:56:14 AM    1    0.00    0.00   41.58    0.00    0.00    0.00    0.00    0.00    0.00   58.42
02:56:14 AM    2    0.00    0.00   37.00    0.00    1.00    0.00    0.00    0.00    0.00   62.00
02:56:14 AM    3    0.00    0.00    1.98    0.00    0.99   44.55    0.00    0.00    0.00   52.48

02:56:14 AM  CPU    %usr   %nice    %sys %iowait    %irq   %soft  %steal  %guest  %gnice   %idle
02:56:15 AM  all    0.99    0.00   33.25    0.00    0.49    9.85    0.00    0.00    0.00   55.42
02:56:15 AM    0    1.03    0.00   49.48    0.00    1.03    0.00    0.00    0.00    0.00   48.45
02:56:15 AM    1    0.99    0.00   37.62    0.00    0.99    0.00    0.00    0.00    0.00   60.40
02:56:15 AM    2    1.83    0.00   44.04    0.00    0.00    0.00    0.00    0.00    0.00   54.13
02:56:15 AM    3    0.00    0.00    1.01    0.00    0.00   40.40    0.00    0.00    0.00   58.59

02:56:15 AM  CPU    %usr   %nice    %sys %iowait    %irq   %soft  %steal  %guest  %gnice   %idle
02:56:16 AM  all    0.49    0.00   32.35    0.00    0.98    9.56    0.00    0.00    0.00   56.62
02:56:16 AM    0    0.95    0.00   49.52    0.00    0.95    0.00    0.00    0.00    0.00   48.57
02:56:16 AM    1    1.01    0.00   36.36    0.00    1.01    0.00    0.00    0.00    0.00   61.62
02:56:16 AM    2    0.00    0.00   40.78    0.00    0.97    0.00    0.00    0.00    0.00   58.25
02:56:16 AM    3    0.00    0.00    1.98    0.00    0.99   38.61    0.00    0.00    0.00   58.42

02:56:16 AM  CPU    %usr   %nice    %sys %iowait    %irq   %soft  %steal  %guest  %gnice   %idle
02:56:17 AM  all    0.25    0.00   29.07    0.00    0.25    9.52    0.00    0.00    0.00   60.90
02:56:17 AM    0    0.00    0.00   41.84    0.00    0.00    0.00    0.00    0.00    0.00   58.16
02:56:17 AM    1    0.00    0.00   34.34    0.00    0.00    0.00    0.00    0.00    0.00   65.66
02:56:17 AM    2    0.97    0.00   38.83    0.00    0.97    0.00    0.00    0.00    0.00   59.22
02:56:17 AM    3    0.00    0.00    1.01    0.00    0.00   38.38    0.00    0.00    0.00   60.61

02:56:17 AM  CPU    %usr   %nice    %sys %iowait    %irq   %soft  %steal  %guest  %gnice   %idle
02:56:18 AM  all    0.50    0.00   26.12    0.00    0.75   10.70    0.00    0.00    0.00   61.94
02:56:18 AM    0    0.00    0.00   32.67    0.00    0.99    0.00    0.00    0.00    0.00   66.34
02:56:18 AM    1    1.00    0.00   32.00    0.00    1.00    0.00    0.00    0.00    0.00   66.00
02:56:18 AM    2    0.00    0.00   37.37    0.00    0.00    0.00    0.00    0.00    0.00   62.63
02:56:18 AM    3    0.98    0.00    2.94    0.00    0.98   42.16    0.00    0.00    0.00   52.94

02:56:18 AM  CPU    %usr   %nice    %sys %iowait    %irq   %soft  %steal  %guest  %gnice   %idle
02:56:19 AM  all    0.26    0.00   27.04    0.00    0.51   10.71    0.00    0.00    0.00   61.48
02:56:19 AM    0    1.02    0.00   27.55    0.00    0.00    0.00    0.00    0.00    0.00   71.43
02:56:19 AM    1    0.00    0.00   37.63    0.00    1.08    0.00    0.00    0.00    0.00   61.29
02:56:19 AM    2    0.00    0.00   42.16    0.00    0.98    0.00    0.00    0.00    0.00   56.86
02:56:19 AM    3    0.00    0.00    1.01    0.00    0.00   42.42    0.00    0.00    0.00   56.57

02:56:19 AM  CPU    %usr   %nice    %sys %iowait    %irq   %soft  %steal  %guest  %gnice   %idle
02:56:20 AM  all    0.51    0.00   32.83    0.00    0.76   11.87    0.00    0.00    0.00   54.04
02:56:20 AM    0    0.00    0.00   38.61    0.00    0.99    0.00    0.00    0.00    0.00   60.40
02:56:20 AM    1    1.06    0.00   47.87    0.00    0.00    0.00    0.00    0.00    0.00   51.06
02:56:20 AM    2    1.00    0.00   43.00    0.00    1.00    0.00    0.00    0.00    0.00   55.00
02:56:20 AM    3    0.00    0.00    2.97    0.00    0.99   46.53    0.00    0.00    0.00   49.50

02:56:20 AM  CPU    %usr   %nice    %sys %iowait    %irq   %soft  %steal  %guest  %gnice   %idle
02:56:21 AM  all    0.26    0.00   32.31    0.00    0.26   12.05    0.00    0.00    0.00   55.13
02:56:21 AM    0    0.00    0.00   36.73    0.00    0.00    0.00    0.00    0.00    0.00   63.27
02:56:21 AM    1    1.06    0.00   47.87    0.00    1.06    0.00    0.00    0.00    0.00   50.00
02:56:21 AM    2    0.00    0.00   42.86    0.00    0.00    0.00    0.00    0.00    0.00   57.14
02:56:21 AM    3    0.00    0.00    3.00    0.00    0.00   47.00    0.00    0.00    0.00   50.00

02:56:21 AM  CPU    %usr   %nice    %sys %iowait    %irq   %soft  %steal  %guest  %gnice   %idle
02:56:22 AM  all    0.00    0.00   33.42    0.00    1.02   11.48    0.00    0.00    0.00   54.08
02:56:22 AM    0    0.00    0.00   36.00    0.00    1.00    1.00    0.00    0.00    0.00   62.00
02:56:22 AM    1    0.00    0.00   53.61    0.00    1.03    0.00    0.00    0.00    0.00   45.36
02:56:22 AM    2    0.00    0.00   43.16    0.00    1.05    0.00    0.00    0.00    0.00   55.79
02:56:22 AM    3    0.00    0.00    2.00    0.00    1.00   44.00    0.00    0.00    0.00   53.00

02:56:22 AM  CPU    %usr   %nice    %sys %iowait    %irq   %soft  %steal  %guest  %gnice   %idle
02:56:23 AM  all    0.74    0.00   32.43    0.00    0.25   10.40    0.00    0.00    0.00   56.19
02:56:23 AM    0    1.02    0.00   32.65    0.00    0.00    0.00    0.00    0.00    0.00   66.33
02:56:23 AM    1    0.95    0.00   48.57    0.00    0.95    0.95    0.00    0.00    0.00   48.57
02:56:23 AM    2    0.99    0.00   46.53    0.00    0.00    0.00    0.00    0.00    0.00   52.48
02:56:23 AM    3    0.00    0.00    1.00    0.00    0.00   41.00    0.00    0.00    0.00   58.00

02:56:23 AM  CPU    %usr   %nice    %sys %iowait    %irq   %soft  %steal  %guest  %gnice   %idle
02:56:24 AM  all    0.25    0.00   30.90    0.00    0.75   10.55    0.00    0.00    0.00   57.54
02:56:24 AM    0    0.00    0.00   32.32    0.00    1.01    0.00    0.00    0.00    0.00   66.67
02:56:24 AM    1    0.00    0.00   45.10    0.00    0.00    0.00    0.00    0.00    0.00   54.90
02:56:24 AM    2    1.04    0.00   43.75    0.00    1.04    0.00    0.00    0.00    0.00   54.17
02:56:24 AM    3    0.00    0.00    2.97    0.00    0.99   41.58    0.00    0.00    0.00   54.46

02:56:24 AM  CPU    %usr   %nice    %sys %iowait    %irq   %soft  %steal  %guest  %gnice   %idle
02:56:25 AM  all    0.00    0.00   32.23    0.00    0.51   11.93    0.00    0.00    0.00   55.33
02:56:25 AM    0    0.00    0.00   38.38    0.00    0.00    0.00    0.00    0.00    0.00   61.62
02:56:25 AM    1    0.00    0.00   39.39    0.00    1.01    0.00    0.00    0.00    0.00   59.60
02:56:25 AM    2    0.00    0.00   48.96    0.00    1.04    1.04    0.00    0.00    0.00   48.96
02:56:25 AM    3    0.00    0.00    3.00    0.00    0.00   46.00    0.00    0.00    0.00   51.00

02:56:25 AM  CPU    %usr   %nice    %sys %iowait    %irq   %soft  %steal  %guest  %gnice   %idle
02:56:26 AM  all    0.50    0.00   31.23    0.00    0.25   12.09    0.00    0.00    0.00   55.92
02:56:26 AM    0    0.00    0.00   39.39    0.00    1.01    1.01    0.00    0.00    0.00   58.59
02:56:26 AM    1    1.02    0.00   37.76    0.00    0.00    0.00    0.00    0.00    0.00   61.22
02:56:26 AM    2    1.01    0.00   44.44    0.00    0.00    0.00    0.00    0.00    0.00   54.55
02:56:26 AM    3    0.00    0.00    3.96    0.00    0.00   46.53    0.00    0.00    0.00   49.50

02:56:26 AM  CPU    %usr   %nice    %sys %iowait    %irq   %soft  %steal  %guest  %gnice   %idle
02:56:27 AM  all    0.25    0.00   27.25    0.00    0.75   11.25    0.00    0.00    0.00   60.50
02:56:27 AM    0    1.01    0.00   33.33    0.00    0.00    0.00    0.00    0.00    0.00   65.66
02:56:27 AM    1    0.00    0.00   37.25    0.00    0.98    0.00    0.00    0.00    0.00   61.76
02:56:27 AM    2    0.00    0.00   38.00    0.00    1.00    0.00    0.00    0.00    0.00   61.00
02:56:27 AM    3    0.00    0.00    0.00    0.00    1.01   45.45    0.00    0.00    0.00   53.54

02:56:27 AM  CPU    %usr   %nice    %sys %iowait    %irq   %soft  %steal  %guest  %gnice   %idle
02:56:28 AM  all    0.25    0.00   27.74    0.00    0.51   11.70    0.00    0.00    0.00   59.80
02:56:28 AM    0    0.00    0.00   33.33    0.00    1.04    0.00    0.00    0.00    0.00   65.62
02:56:28 AM    1    1.03    0.00   35.05    0.00    0.00    0.00    0.00    0.00    0.00   63.92
02:56:28 AM    2    0.00    0.00   40.82    0.00    1.02    0.00    0.00    0.00    0.00   58.16
02:56:28 AM    3    0.00    0.00    2.94    0.00    0.00   45.10    0.00    0.00    0.00   51.96

02:56:28 AM  CPU    %usr   %nice    %sys %iowait    %irq   %soft  %steal  %guest  %gnice   %idle
02:56:29 AM  all    0.51    0.00   31.98    0.00    0.51   11.42    0.00    0.00    0.00   55.58
02:56:29 AM    0    1.03    0.00   42.27    0.00    0.00    0.00    0.00    0.00    0.00   56.70
02:56:29 AM    1    0.00    0.00   42.57    0.00    0.99    0.00    0.00    0.00    0.00   56.44
02:56:29 AM    2    1.04    0.00   41.67    0.00    0.00    0.00    0.00    0.00    0.00   57.29
02:56:29 AM    3    0.00    0.00    2.00    0.00    1.00   45.00    0.00    0.00    0.00   52.00

02:56:29 AM  CPU    %usr   %nice    %sys %iowait    %irq   %soft  %steal  %guest  %gnice   %idle
02:56:30 AM  all    0.00    0.00   32.31    0.00    0.51   12.31    0.00    0.00    0.00   54.87
02:56:30 AM    0    0.00    0.00   33.33    0.00    1.01    0.00    0.00    0.00    0.00   65.66
02:56:30 AM    1    0.00    0.00   47.96    0.00    0.00    0.00    0.00    0.00    0.00   52.04
02:56:30 AM    2    0.00    0.00   47.31    0.00    1.08    0.00    0.00    0.00    0.00   51.61
02:56:30 AM    3    0.00    0.00    2.00    0.00    0.00   48.00    0.00    0.00    0.00   50.00

02:56:30 AM  CPU    %usr   %nice    %sys %iowait    %irq   %soft  %steal  %guest  %gnice   %idle
02:56:31 AM  all    0.51    0.00   33.42    0.00    0.76   12.41    0.00    0.00    0.00   52.91
02:56:31 AM    0    0.00    0.00   39.00    0.00    0.00    0.00    0.00    0.00    0.00   61.00
02:56:31 AM    1    1.01    0.00   44.44    0.00    1.01    0.00    0.00    0.00    0.00   53.54
02:56:31 AM    2    1.05    0.00   49.47    0.00    1.05    0.00    0.00    0.00    0.00   48.42
02:56:31 AM    3    0.00    0.00    1.98    0.00    0.99   48.51    0.00    0.00    0.00   48.51

02:56:31 AM  CPU    %usr   %nice    %sys %iowait    %irq   %soft  %steal  %guest  %gnice   %idle
02:56:32 AM  all    0.25    0.00   30.48    0.00    0.50   11.34    0.00    0.00    0.00   57.43
02:56:32 AM    0    0.00    0.00   32.32    0.00    1.01    0.00    0.00    0.00    0.00   66.67
02:56:32 AM    1    0.00    0.00   44.00    0.00    1.00    0.00    0.00    0.00    0.00   55.00
02:56:32 AM    2    1.01    0.00   43.43    0.00    0.00    0.00    0.00    0.00    0.00   55.56
02:56:32 AM    3    0.00    0.00    2.02    0.00    0.00   45.45    0.00    0.00    0.00   52.53

02:56:32 AM  CPU    %usr   %nice    %sys %iowait    %irq   %soft  %steal  %guest  %gnice   %idle
02:56:33 AM  all    0.48    0.00   26.15    0.00    0.48    9.20    0.00    0.00    0.00   63.68
02:56:33 AM    0    0.97    0.00   29.13    0.00    0.00    0.97    0.00    0.00    0.00   68.93
02:56:33 AM    1    0.92    0.00   38.53    0.00    0.00    0.00    0.00    0.00    0.00   60.55
02:56:33 AM    2    0.00    0.00   35.00    0.00    1.00    0.00    0.00    0.00    0.00   64.00
02:56:33 AM    3    0.00    0.00    0.99    0.00    0.99   36.63    0.00    0.00    0.00   61.39

02:56:33 AM  CPU    %usr   %nice    %sys %iowait    %irq   %soft  %steal  %guest  %gnice   %idle
02:56:34 AM  all    0.00    0.00   27.85    0.00    0.76    9.62    0.00    0.00    0.00   61.77
02:56:34 AM    0    0.00    0.00   36.63    0.00    0.99    0.00    0.00    0.00    0.00   62.38
02:56:34 AM    1    0.00    0.00   31.96    0.00    1.03    0.00    0.00    0.00    0.00   67.01
02:56:34 AM    2    0.00    0.00   41.84    0.00    1.02    0.00    0.00    0.00    0.00   57.14
02:56:34 AM    3    0.00    0.00    1.01    0.00    0.00   38.38    0.00    0.00    0.00   60.61

02:56:34 AM  CPU    %usr   %nice    %sys %iowait    %irq   %soft  %steal  %guest  %gnice   %idle
02:56:35 AM  all    0.25    0.00   26.12    0.00    0.50    9.95    0.00    0.00    0.00   63.18
02:56:35 AM    0    0.00    0.00   28.00    0.00    1.00    0.00    0.00    0.00    0.00   71.00
02:56:35 AM    1    0.00    0.00   30.53    0.00    0.00    0.00    0.00    0.00    0.00   69.47
02:56:35 AM    2    0.96    0.00   42.31    0.00    0.00    0.00    0.00    0.00    0.00   56.73
02:56:35 AM    3    0.00    0.00    3.88    0.00    0.97   38.83    0.00    0.00    0.00   56.31

02:56:35 AM  CPU    %usr   %nice    %sys %iowait    %irq   %soft  %steal  %guest  %gnice   %idle
02:56:36 AM  all    0.50    0.00   28.97    0.00    0.50   11.84    0.00    0.00    0.00   58.19
02:56:36 AM    0    1.01    0.00   34.34    0.00    0.00    0.00    0.00    0.00    0.00   64.65
02:56:36 AM    1    0.99    0.00   38.61    0.00    0.99    0.00    0.00    0.00    0.00   59.41
02:56:36 AM    2    0.00    0.00   41.41    0.00    1.01    0.00    0.00    0.00    0.00   57.58
02:56:36 AM    3    0.00    0.00    1.02    0.00    0.00   47.96    0.00    0.00    0.00   51.02

02:56:36 AM  CPU    %usr   %nice    %sys %iowait    %irq   %soft  %steal  %guest  %gnice   %idle
02:56:37 AM  all    0.00    0.00   34.59    0.00    0.50   12.03    0.00    0.00    0.00   52.88
02:56:37 AM    0    0.00    0.00   51.06    0.00    1.06    0.00    0.00    0.00    0.00   47.87
02:56:37 AM    1    0.00    0.00   43.27    0.00    0.00    0.00    0.00    0.00    0.00   56.73
02:56:37 AM    2    0.00    0.00   43.00    0.00    0.00    0.00    0.00    0.00    0.00   57.00
02:56:37 AM    3    0.00    0.00    1.98    0.00    0.99   47.52    0.00    0.00    0.00   49.50

02:56:37 AM  CPU    %usr   %nice    %sys %iowait    %irq   %soft  %steal  %guest  %gnice   %idle
02:56:38 AM  all    0.51    0.00   31.06    0.00    0.76   11.62    0.00    0.00    0.00   56.06
02:56:38 AM    0    0.00    0.00   44.57    0.00    1.09    0.00    0.00    0.00    0.00   54.35
02:56:38 AM    1    0.98    0.00   35.29    0.00    0.98    0.00    0.00    0.00    0.00   62.75
02:56:38 AM    2    0.98    0.00   43.14    0.00    0.98    0.00    0.00    0.00    0.00   54.90
02:56:38 AM    3    0.00    0.00    2.00    0.00    0.00   46.00    0.00    0.00    0.00   52.00

02:56:38 AM  CPU    %usr   %nice    %sys %iowait    %irq   %soft  %steal  %guest  %gnice   %idle
02:56:39 AM  all    0.25    0.00   30.23    0.00    0.00   12.59    0.00    0.00    0.00   56.93
02:56:39 AM    0    1.01    0.00   32.32    0.00    0.00    0.00    0.00    0.00    0.00   66.67
02:56:39 AM    1    0.00    0.00   41.84    0.00    0.00    1.02    0.00    0.00    0.00   57.14
02:56:39 AM    2    0.00    0.00   42.86    0.00    0.00    0.00    0.00    0.00    0.00   57.14
02:56:39 AM    3    0.00    0.00    4.90    0.00    0.00   48.04    0.00    0.00    0.00   47.06

02:56:39 AM  CPU    %usr   %nice    %sys %iowait    %irq   %soft  %steal  %guest  %gnice   %idle
02:56:40 AM  all    0.00    0.00   29.82    0.00    1.00   12.28    0.00    0.00    0.00   56.89
02:56:40 AM    0    0.00    0.00   34.34    0.00    1.01    0.00    0.00    0.00    0.00   64.65
02:56:40 AM    1    0.00    0.00   41.41    0.00    1.01    0.00    0.00    0.00    0.00   57.58
02:56:40 AM    2    0.00    0.00   41.58    0.00    0.99    0.99    0.00    0.00    0.00   56.44
02:56:40 AM    3    0.00    0.00    2.00    0.00    1.00   48.00    0.00    0.00    0.00   49.00

02:56:40 AM  CPU    %usr   %nice    %sys %iowait    %irq   %soft  %steal  %guest  %gnice   %idle
02:56:41 AM  all    0.25    0.00   28.64    0.00    0.00   11.31    0.00    0.00    0.00   59.80
02:56:41 AM    0    0.00    0.00   33.33    0.00    0.00    0.00    0.00    0.00    0.00   66.67
02:56:41 AM    1    1.00    0.00   36.00    0.00    0.00    0.00    0.00    0.00    0.00   63.00
02:56:41 AM    2    0.00    0.00   43.43    0.00    0.00    0.00    0.00    0.00    0.00   56.57
02:56:41 AM    3    0.00    0.00    2.00    0.00    0.00   45.00    0.00    0.00    0.00   53.00

02:56:41 AM  CPU    %usr   %nice    %sys %iowait    %irq   %soft  %steal  %guest  %gnice   %idle
02:56:42 AM  all    0.25    0.00   29.21    0.00    0.99   11.63    0.00    0.00    0.00   57.92
02:56:42 AM    0    0.96    0.00   34.62    0.00    0.96    0.96    0.00    0.00    0.00   62.50
02:56:42 AM    1    0.00    0.00   39.80    0.00    1.02    0.00    0.00    0.00    0.00   59.18
02:56:42 AM    2    0.00    0.00   40.59    0.00    0.99    0.00    0.00    0.00    0.00   58.42
02:56:42 AM    3    0.00    0.00    1.98    0.00    0.99   45.54    0.00    0.00    0.00   51.49

02:56:42 AM  CPU    %usr   %nice    %sys %iowait    %irq   %soft  %steal  %guest  %gnice   %idle
02:56:43 AM  all    0.00    0.00   30.63    0.00    0.25   11.65    0.00    0.00    0.00   57.47
02:56:43 AM    0    0.00    0.00   39.58    0.00    1.04    0.00    0.00    0.00    0.00   59.38
02:56:43 AM    1    0.00    0.00   38.61    0.00    0.00    0.00    0.00    0.00    0.00   61.39
02:56:43 AM    2    0.00    0.00   42.42    0.00    0.00    0.00    0.00    0.00    0.00   57.58
02:56:43 AM    3    0.00    0.00    2.02    0.00    0.00   46.46    0.00    0.00    0.00   51.52

02:56:43 AM  CPU    %usr   %nice    %sys %iowait    %irq   %soft  %steal  %guest  %gnice   %idle
02:56:44 AM  all    0.51    0.00   32.49    0.00    0.76   12.18    0.00    0.00    0.00   54.06
02:56:44 AM    0    0.00    0.00   49.46    0.00    0.00    0.00    0.00    0.00    0.00   50.54
02:56:44 AM    1    1.00    0.00   34.00    0.00    1.00    0.00    0.00    0.00    0.00   64.00
02:56:44 AM    2    1.00    0.00   46.00    0.00    1.00    0.00    0.00    0.00    0.00   52.00
02:56:44 AM    3    0.00    0.00    1.98    0.00    0.99   47.52    0.00    0.00    0.00   49.50

02:56:44 AM  CPU    %usr   %nice    %sys %iowait    %irq   %soft  %steal  %guest  %gnice   %idle
02:56:45 AM  all    0.25    0.00   30.03    0.00    0.25   11.45    0.00    0.00    0.00   58.02
02:56:45 AM    0    1.03    0.00   40.21    0.00    1.03    0.00    0.00    0.00    0.00   57.73
02:56:45 AM    1    0.00    0.00   39.39    0.00    0.00    0.00    0.00    0.00    0.00   60.61
02:56:45 AM    2    0.00    0.00   38.14    0.00    0.00    0.00    0.00    0.00    0.00   61.86
02:56:45 AM    3    0.00    0.00    3.00    0.00    0.00   45.00    0.00    0.00    0.00   52.00

02:56:45 AM  CPU    %usr   %nice    %sys %iowait    %irq   %soft  %steal  %guest  %gnice   %idle
02:56:46 AM  all    0.25    0.00   27.34    0.00    0.99   10.34    0.00    0.00    0.00   61.08
02:56:46 AM    0    0.00    0.00   33.33    0.00    0.98    0.00    0.00    0.00    0.00   65.69
02:56:46 AM    1    0.96    0.00   33.65    0.00    0.96    0.00    0.00    0.00    0.00   64.42
02:56:46 AM    2    0.00    0.00   41.00    0.00    1.00    0.00    0.00    0.00    0.00   58.00
02:56:46 AM    3    0.00    0.00    1.00    0.00    1.00   42.00    0.00    0.00    0.00   56.00

02:56:46 AM  CPU    %usr   %nice    %sys %iowait    %irq   %soft  %steal  %guest  %gnice   %idle
02:56:47 AM  all    0.25    0.00   27.32    0.00    0.25   10.03    0.00    0.00    0.00   62.16
02:56:47 AM    0    0.00    0.00   31.63    0.00    0.00    0.00    0.00    0.00    0.00   68.37
02:56:47 AM    1    0.00    0.00   36.00    0.00    1.00    0.00    0.00    0.00    0.00   63.00
02:56:47 AM    2    0.99    0.00   39.60    0.00    0.00    0.00    0.00    0.00    0.00   59.41
02:56:47 AM    3    0.00    0.00    2.00    0.00    0.00   40.00    0.00    0.00    0.00   58.00

02:56:47 AM  CPU    %usr   %nice    %sys %iowait    %irq   %soft  %steal  %guest  %gnice   %idle
02:56:48 AM  all    0.50    0.00   26.12    0.00    0.75   10.70    0.00    0.00    0.00   61.94
02:56:48 AM    0    1.00    0.00   33.00    0.00    1.00    0.00    0.00    0.00    0.00   65.00
02:56:48 AM    1    0.97    0.00   35.92    0.00    0.00    0.00    0.00    0.00    0.00   63.11
02:56:48 AM    2    0.00    0.00   34.34    0.00    1.01    0.00    0.00    0.00    0.00   64.65
02:56:48 AM    3    0.00    0.00    1.00    0.00    1.00   43.00    0.00    0.00    0.00   55.00

02:56:48 AM  CPU    %usr   %nice    %sys %iowait    %irq   %soft  %steal  %guest  %gnice   %idle
02:56:49 AM  all    0.50    0.00   26.13    0.25    0.25    9.80    0.00    0.00    0.00   63.07
02:56:49 AM    0    1.06    0.00   32.98    0.00    0.00    0.00    0.00    0.00    0.00   65.96
02:56:49 AM    1    0.93    0.00   37.38    0.00    0.93    0.00    0.00    0.00    0.00   60.75
02:56:49 AM    2    0.00    0.00   32.65    1.02    0.00    0.00    0.00    0.00    0.00   66.33
02:56:49 AM    3    0.00    0.00    1.01    0.00    0.00   39.39    0.00    0.00    0.00   59.60

02:56:49 AM  CPU    %usr   %nice    %sys %iowait    %irq   %soft  %steal  %guest  %gnice   %idle
02:56:50 AM  all    2.45    0.00   32.35    0.98    0.49   10.78    0.00    0.00    0.00   52.94
02:56:50 AM    0    0.00    0.00   24.75    0.00    0.99   23.76    0.00    0.00    0.00   50.50
02:56:50 AM    1    4.08    0.00   36.73    2.04    0.00    3.06    0.00    0.00    0.00   54.08
02:56:50 AM    2    2.83    0.00   38.68    1.89    0.94    3.77    0.00    0.00    0.00   51.89
02:56:50 AM    3    2.91    0.00   29.13    0.00    0.00   12.62    0.00    0.00    0.00   55.34

02:56:50 AM  CPU    %usr   %nice    %sys %iowait    %irq   %soft  %steal  %guest  %gnice   %idle
02:56:51 AM  all    2.91    0.00   41.99    0.00    0.49   14.81    0.00    0.00    0.00   39.81
02:56:51 AM    0    1.96    0.00   22.55    0.00    0.00   42.16    0.00    0.00    0.00   33.33
02:56:51 AM    1    2.91    0.00   48.54    0.00    0.97    6.80    0.00    0.00    0.00   40.78
02:56:51 AM    2    3.92    0.00   47.06    0.00    0.00    4.90    0.00    0.00    0.00   44.12
02:56:51 AM    3    2.86    0.00   49.52    0.00    0.95    5.71    0.00    0.00    0.00   40.95

02:56:51 AM  CPU    %usr   %nice    %sys %iowait    %irq   %soft  %steal  %guest  %gnice   %idle
02:56:52 AM  all    3.47    0.00   40.35    0.00    0.25   12.38    0.00    0.00    0.00   43.56
02:56:52 AM    0    1.98    0.00   26.73    0.00    0.99   40.59    0.00    0.00    0.00   29.70
02:56:52 AM    1    3.96    0.00   43.56    0.00    0.00    2.97    0.00    0.00    0.00   49.50
02:56:52 AM    2    3.92    0.00   45.10    0.00    0.00    2.94    0.00    0.00    0.00   48.04
02:56:52 AM    3    4.00    0.00   46.00    0.00    0.00    3.00    0.00    0.00    0.00   47.00

02:56:52 AM  CPU    %usr   %nice    %sys %iowait    %irq   %soft  %steal  %guest  %gnice   %idle
02:56:53 AM  all    2.75    0.00   27.00    0.00    0.00    9.75    0.00    0.00    0.00   60.50
02:56:53 AM    0    0.00    0.00    1.98    0.00    0.00   38.61    0.00    0.00    0.00   59.41
02:56:53 AM    1    3.03    0.00   36.36    0.00    0.00    0.00    0.00    0.00    0.00   60.61
02:56:53 AM    2    4.00    0.00   41.00    0.00    0.00    0.00    0.00    0.00    0.00   55.00
02:56:53 AM    3    4.00    0.00   29.00    0.00    0.00    0.00    0.00    0.00    0.00   67.00

02:56:53 AM  CPU    %usr   %nice    %sys %iowait    %irq   %soft  %steal  %guest  %gnice   %idle
02:56:54 AM  all    2.72    0.00   29.21    0.00    0.50   10.40    0.00    0.00    0.00   57.18
02:56:54 AM    0    0.00    0.00    1.02    0.00    0.00   42.86    0.00    0.00    0.00   56.12
02:56:54 AM    1    4.90    0.00   36.27    0.00    0.98    0.00    0.00    0.00    0.00   57.84
02:56:54 AM    2    2.91    0.00   44.66    0.00    0.97    0.00    0.00    0.00    0.00   51.46
02:56:54 AM    3    2.97    0.00   33.66    0.00    0.00    0.00    0.00    0.00    0.00   63.37

02:56:54 AM  CPU    %usr   %nice    %sys %iowait    %irq   %soft  %steal  %guest  %gnice   %idle
02:56:55 AM  all    2.76    0.00   27.07    0.00    0.00    9.77    0.00    0.00    0.00   60.40
02:56:55 AM    0    0.00    0.00    0.00    0.00    0.00   39.39    0.00    0.00    0.00   60.61
02:56:55 AM    1    2.00    0.00   20.00    0.00    0.00    0.00    0.00    0.00    0.00   78.00
02:56:55 AM    2    5.00    0.00   52.00    0.00    0.00    0.00    0.00    0.00    0.00   43.00
02:56:55 AM    3    4.00    0.00   36.00    0.00    0.00    0.00    0.00    0.00    0.00   60.00

02:56:55 AM  CPU    %usr   %nice    %sys %iowait    %irq   %soft  %steal  %guest  %gnice   %idle
02:56:56 AM  all    2.99    0.00   30.17    0.00    0.25    9.73    0.00    0.00    0.00   56.86
02:56:56 AM    0    0.00    0.00    0.99    0.00    0.00   38.61    0.00    0.00    0.00   60.40
02:56:56 AM    1    3.00    0.00   33.00    0.00    0.00    0.00    0.00    0.00    0.00   64.00
02:56:56 AM    2    4.00    0.00   40.00    0.00    0.00    0.00    0.00    0.00    0.00   56.00
02:56:56 AM    3    5.00    0.00   47.00    0.00    1.00    0.00    0.00    0.00    0.00   47.00

02:56:56 AM  CPU    %usr   %nice    %sys %iowait    %irq   %soft  %steal  %guest  %gnice   %idle
02:56:57 AM  all    2.76    0.00   26.32    0.00    0.25   11.03    0.00    0.00    0.00   59.65
02:56:57 AM    0    0.00    0.00    0.00    0.00    1.00   44.00    0.00    0.00    0.00   55.00
02:56:57 AM    1    3.03    0.00   30.30    0.00    0.00    0.00    0.00    0.00    0.00   66.67
02:56:57 AM    2    2.94    0.00   28.43    0.00    0.00    0.00    0.00    0.00    0.00   68.63
02:56:57 AM    3    5.10    0.00   46.94    0.00    0.00    0.00    0.00    0.00    0.00   47.96

Average:     CPU    %usr   %nice    %sys %iowait    %irq   %soft  %steal  %guest  %gnice   %idle
Average:     all    0.61    0.00   28.89    0.04    0.52   10.90    0.00    0.00    0.00   59.04
Average:       0    0.37    0.00   31.89    0.03    0.55    4.75    0.00    0.00    0.00   62.40
Average:       1    0.76    0.00   36.72    0.04    0.52    0.40    0.00    0.00    0.00   61.56
Average:       2    0.82    0.00   40.34    0.07    0.56    0.36    0.00    0.00    0.00   57.85
Average:       3    0.47    0.00    6.83    0.01    0.46   37.84    0.00    0.00    0.00   54.39
